Component: ARM Compiler 5.06 update 7 (build 960) Tool: armlink [4d3601]

==============================================================================

Section Cross References

    stm32f10x_gpio.o(i.GPIO_AFIODeInit) refers to stm32f10x_rcc.o(i.RCC_APB2PeriphResetCmd) for RCC_APB2PeriphResetCmd
    stm32f10x_gpio.o(i.GPIO_DeInit) refers to stm32f10x_rcc.o(i.RCC_APB2PeriphResetCmd) for RCC_APB2PeriphResetCmd
    stm32f10x_rcc.o(i.RCC_GetClocksFreq) refers to stm32f10x_rcc.o(.data) for APBAHBPrescTable
    stm32f10x_rcc.o(i.RCC_WaitForHSEStartUp) refers to stm32f10x_rcc.o(i.RCC_GetFlagStatus) for RCC_GetFlagStatus
    stm32f10x_usart.o(i.USART_DeInit) refers to stm32f10x_rcc.o(i.RCC_APB2PeriphResetCmd) for RCC_APB2PeriphResetCmd
    stm32f10x_usart.o(i.USART_DeInit) refers to stm32f10x_rcc.o(i.RCC_APB1PeriphResetCmd) for RCC_APB1PeriphResetCmd
    stm32f10x_usart.o(i.USART_Init) refers to stm32f10x_rcc.o(i.RCC_GetClocksFreq) for RCC_GetClocksFreq
    stm32f10x_spi.o(i.I2S_Init) refers to stm32f10x_rcc.o(i.RCC_GetClocksFreq) for RCC_GetClocksFreq
    stm32f10x_spi.o(i.SPI_I2S_DeInit) refers to stm32f10x_rcc.o(i.RCC_APB2PeriphResetCmd) for RCC_APB2PeriphResetCmd
    stm32f10x_spi.o(i.SPI_I2S_DeInit) refers to stm32f10x_rcc.o(i.RCC_APB1PeriphResetCmd) for RCC_APB1PeriphResetCmd
    stm32f10x_tim.o(i.TIM_DeInit) refers to stm32f10x_rcc.o(i.RCC_APB2PeriphResetCmd) for RCC_APB2PeriphResetCmd
    stm32f10x_tim.o(i.TIM_DeInit) refers to stm32f10x_rcc.o(i.RCC_APB1PeriphResetCmd) for RCC_APB1PeriphResetCmd
    stm32f10x_tim.o(i.TIM_ETRClockMode1Config) refers to stm32f10x_tim.o(i.TIM_ETRConfig) for TIM_ETRConfig
    stm32f10x_tim.o(i.TIM_ETRClockMode2Config) refers to stm32f10x_tim.o(i.TIM_ETRConfig) for TIM_ETRConfig
    stm32f10x_tim.o(i.TIM_ICInit) refers to stm32f10x_tim.o(i.TI1_Config) for TI1_Config
    stm32f10x_tim.o(i.TIM_ICInit) refers to stm32f10x_tim.o(i.TIM_SetIC1Prescaler) for TIM_SetIC1Prescaler
    stm32f10x_tim.o(i.TIM_ICInit) refers to stm32f10x_tim.o(i.TI2_Config) for TI2_Config
    stm32f10x_tim.o(i.TIM_ICInit) refers to stm32f10x_tim.o(i.TIM_SetIC2Prescaler) for TIM_SetIC2Prescaler
    stm32f10x_tim.o(i.TIM_ICInit) refers to stm32f10x_tim.o(i.TI3_Config) for TI3_Config
    stm32f10x_tim.o(i.TIM_ICInit) refers to stm32f10x_tim.o(i.TIM_SetIC3Prescaler) for TIM_SetIC3Prescaler
    stm32f10x_tim.o(i.TIM_ICInit) refers to stm32f10x_tim.o(i.TI4_Config) for TI4_Config
    stm32f10x_tim.o(i.TIM_ICInit) refers to stm32f10x_tim.o(i.TIM_SetIC4Prescaler) for TIM_SetIC4Prescaler
    stm32f10x_tim.o(i.TIM_ITRxExternalClockConfig) refers to stm32f10x_tim.o(i.TIM_SelectInputTrigger) for TIM_SelectInputTrigger
    stm32f10x_tim.o(i.TIM_PWMIConfig) refers to stm32f10x_tim.o(i.TI1_Config) for TI1_Config
    stm32f10x_tim.o(i.TIM_PWMIConfig) refers to stm32f10x_tim.o(i.TIM_SetIC1Prescaler) for TIM_SetIC1Prescaler
    stm32f10x_tim.o(i.TIM_PWMIConfig) refers to stm32f10x_tim.o(i.TI2_Config) for TI2_Config
    stm32f10x_tim.o(i.TIM_PWMIConfig) refers to stm32f10x_tim.o(i.TIM_SetIC2Prescaler) for TIM_SetIC2Prescaler
    stm32f10x_tim.o(i.TIM_TIxExternalClockConfig) refers to stm32f10x_tim.o(i.TI2_Config) for TI2_Config
    stm32f10x_tim.o(i.TIM_TIxExternalClockConfig) refers to stm32f10x_tim.o(i.TI1_Config) for TI1_Config
    stm32f10x_tim.o(i.TIM_TIxExternalClockConfig) refers to stm32f10x_tim.o(i.TIM_SelectInputTrigger) for TIM_SelectInputTrigger
    stm32f10x_adc.o(i.ADC_DeInit) refers to stm32f10x_rcc.o(i.RCC_APB2PeriphResetCmd) for RCC_APB2PeriphResetCmd
    stm32f10x_dac.o(i.DAC_DeInit) refers to stm32f10x_rcc.o(i.RCC_APB1PeriphResetCmd) for RCC_APB1PeriphResetCmd
    main.o(i.get_adc_info) refers to _printf_percent.o(.ARM.Collect$$_printf_percent$$00000000) for _printf_percent
    main.o(i.get_adc_info) refers to _printf_d.o(.ARM.Collect$$_printf_percent$$00000009) for _printf_d
    main.o(i.get_adc_info) refers to _printf_f.o(.ARM.Collect$$_printf_percent$$00000003) for _printf_f
    main.o(i.get_adc_info) refers to _printf_dec.o(.text) for _printf_int_dec
    main.o(i.get_adc_info) refers to printf1.o(x$fpl$printf1) for _printf_fp_dec
    main.o(i.get_adc_info) refers to music.o(i.get_avg) for get_avg
    main.o(i.get_adc_info) refers to fflt_clz.o(x$fpl$ffltu) for __aeabi_ui2f
    main.o(i.get_adc_info) refers to f2d.o(x$fpl$f2d) for __aeabi_f2d
    main.o(i.get_adc_info) refers to dmul.o(x$fpl$dmul) for __aeabi_dmul
    main.o(i.get_adc_info) refers to daddsub_clz.o(x$fpl$dsub) for __aeabi_dsub
    main.o(i.get_adc_info) refers to ddiv.o(x$fpl$ddiv) for __aeabi_ddiv
    main.o(i.get_adc_info) refers to daddsub_clz.o(x$fpl$dadd) for __aeabi_dadd
    main.o(i.get_adc_info) refers to noretval__2sprintf.o(.text) for __2sprintf
    main.o(i.get_adc_info) refers to usart.o(i.send_string) for send_string
    main.o(i.get_adc_info) refers to threads.o(i.delay_ms) for delay_ms
    main.o(i.init_adc) refers to gpio.o(i.set_ain) for set_ain
[...]
    __rt_lib_init                            0x080001fb   Thumb Code     0  libinit.o(.ARM.Collect$$libinit$$00000000)
    __rt_lib_init_fp_1                       0x080001fd   Thumb Code     0  libinit2.o(.ARM.Collect$$libinit$$00000002)
    __rt_lib_init_heap_1                     0x080001fd   Thumb Code     0  libinit2.o(.ARM.Collect$$libinit$$0000000A)
    __rt_lib_init_preinit_1                  0x080001fd   Thumb Code     0  libinit2.o(.ARM.Collect$$libinit$$00000004)
    __rt_lib_init_rand_2                     0x080001fd   Thumb Code     0  libinit2.o(.ARM.Collect$$libinit$$0000000D)
    __rt_lib_init_user_alloc_1               0x080001fd   Thumb Code     0  libinit2.o(.ARM.Collect$$libinit$$0000000C)
    __rt_lib_init_lc_common                  0x08000201   Thumb Code     0  libinit2.o(.ARM.Collect$$libinit$$0000000F)
    __rt_lib_init_rand_1                     0x08000201   Thumb Code     0  libinit2.o(.ARM.Collect$$libinit$$0000000E)
    __rt_lib_init_lc_collate_1               0x08000207   Thumb Code     0  libinit2.o(.ARM.Collect$$libinit$$00000011)
    __rt_lib_init_lc_ctype_1                 0x08000207   Thumb Code     0  libinit2.o(.ARM.Collect$$libinit$$00000013)
    __rt_lib_init_lc_monetary_1              0x08000207   Thumb Code     0  libinit2.o(.ARM.Collect$$libinit$$00000015)
    __rt_lib_init_lc_numeric_2               0x08000207   Thumb Code     0  libinit2.o(.ARM.Collect$$libinit$$00000016)
    __rt_lib_init_alloca_1                   0x08000211   Thumb Code     0  libinit2.o(.ARM.Collect$$libinit$$0000002E)
    __rt_lib_init_argv_1                     0x08000211   Thumb Code     0  libinit2.o(.ARM.Collect$$libinit$$0000002C)
    __rt_lib_init_atexit_1                   0x08000211   Thumb Code     0  libinit2.o(.ARM.Collect$$libinit$$0000001B)
    __rt_lib_init_clock_1                    0x08000211   Thumb Code     0  libinit2.o(.ARM.Collect$$libinit$$00000021)
    __rt_lib_init_cpp_1                      0x08000211   Thumb Code     0  libinit2.o(.ARM.Collect$$libinit$$00000032)
    __rt_lib_init_exceptions_1               0x08000211   Thumb Code     0  libinit2.o(.ARM.Collect$$libinit$$00000030)
    __rt_lib_init_fp_trap_1                  0x08000211   Thumb Code     0  libinit2.o(.ARM.Collect$$libinit$$0000001F)
    __rt_lib_init_getenv_1                   0x08000211   Thumb Code     0  libinit2.o(.ARM.Collect$$libinit$$00000023)
    __rt_lib_init_lc_numeric_1               0x08000211   Thumb Code     0  libinit2.o(.ARM.Collect$$libinit$$00000017)
    __rt_lib_init_lc_time_1                  0x08000211   Thumb Code     0  libinit2.o(.ARM.Collect$$libinit$$00000019)
    __rt_lib_init_return                     0x08000211   Thumb Code     0  libinit2.o(.ARM.Collect$$libinit$$00000033)
    __rt_lib_init_signal_1                   0x08000211   Thumb Code     0  libinit2.o(.ARM.Collect$$libinit$$0000001D)
    __rt_lib_init_stdio_1                    0x08000211   Thumb Code     0  libinit2.o(.ARM.Collect$$libinit$$00000025)
    __rt_lib_shutdown                        0x08000213   Thumb Code     0  libshutdown.o(.ARM.Collect$$libshutdown$$00000000)
    __rt_lib_shutdown_cpp_1                  0x08000215   Thumb Code     0  libshutdown2.o(.ARM.Collect$$libshutdown$$00000004)
    __rt_lib_shutdown_fini_1                 0x08000215   Thumb Code     0  libshutdown2.o(.ARM.Collect$$libshutdown$$00000002)
    __rt_lib_shutdown_fp_trap_1              0x08000215   Thumb Code     0  libshutdown2.o(.ARM.Collect$$libshutdown$$00000009)
    __rt_lib_shutdown_heap_1                 0x08000215   Thumb Code     0  libshutdown2.o(.ARM.Collect$$libshutdown$$00000011)
    __rt_lib_shutdown_return                 0x08000215   Thumb Code     0  libshutdown2.o(.ARM.Collect$$libshutdown$$00000012)
    __rt_lib_shutdown_signal_1               0x08000215   Thumb Code     0  libshutdown2.o(.ARM.Collect$$libshutdown$$0000000C)
    __rt_lib_shutdown_stdio_1                0x08000215   Thumb Code     0  libshutdown2.o(.ARM.Collect$$libshutdown$$00000006)
    __rt_lib_shutdown_user_alloc_1           0x08000215   Thumb Code     0  libshutdown2.o(.ARM.Collect$$libshutdown$$0000000E)
    __rt_entry                               0x08000217   Thumb Code     0  __rtentry.o(.ARM.Collect$$rtentry$$00000000)
    __rt_entry_presh_1                       0x08000217   Thumb Code     0  __rtentry2.o(.ARM.Collect$$rtentry$$00000002)
    __rt_entry_sh                            0x08000217   Thumb Code     0  __rtentry4.o(.ARM.Collect$$rtentry$$00000004)
    __rt_entry_li                            0x0800021d   Thumb Code     0  __rtentry2.o(.ARM.Collect$$rtentry$$0000000A)
    __rt_entry_postsh_1                      0x0800021d   Thumb Code     0  __rtentry2.o(.ARM.Collect$$rtentry$$00000009)
    __rt_entry_main                          0x08000221   Thumb Code     0  __rtentry2.o(.ARM.Collect$$rtentry$$0000000D)
    __rt_entry_postli_1                      0x08000221   Thumb Code     0  __rtentry2.o(.ARM.Collect$$rtentry$$0000000C)
    __rt_exit                                0x08000229   Thumb Code     0  rtexit.o(.ARM.Collect$$rtexit$$00000000)
    __rt_exit_ls                             0x0800022b   Thumb Code     0  rtexit2.o(.ARM.Collect$$rtexit$$00000003)
    __rt_exit_prels_1                        0x0800022b   Thumb Code     0  rtexit2.o(.ARM.Collect$$rtexit$$00000002)
    __rt_exit_exit                           0x0800022f   Thumb Code     0  rtexit2.o(.ARM.Collect$$rtexit$$00000004)
    MSR_MSP                                  0x08000235   Thumb Code     6  sys.o(.emb_text)
    MRS_PSR                                  0x0800023d   Thumb Code     6  threads.o(.emb_text)
    MRS_MSP                                  0x08000243   Thumb Code     6  threads.o(.emb_text)
    SUB_MSP                                  0x08000249   Thumb Code    14  threads.o(.emb_text)
    ADD_MSP                                  0x08000257   Thumb Code    12  threads.o(.emb_text)
    LDR_0_3                                  0x08000263   Thumb Code    10  threads.o(.emb_text)
    MOV_R2                                   0x0800026d   Thumb Code     4  threads.o(.emb_text)
    MOV_R3                                   0x08000271   Thumb Code     4  threads.o(.emb_text)
    LDR_SP                                   0x08000275   Thumb Code     8  threads.o(.emb_text)
    STR_SP                                   0x0800027d   Thumb Code     8  threads.o(.emb_text)
    save_Context_r4_2_r11                    0x08000285   Thumb Code    26  threads.o(.emb_text)
    rec_Context_r4_2_r11                     0x0800029f   Thumb Code    26  threads.o(.emb_text)
    rand                                     0x080002b9   Thumb Code    48  rand.o(.emb_text)
    Reset_Handler                            0x080002ed   Thumb Code     8  startup_stm32f10x_hd.o(.text)
    ADC1_2_IRQHandler                        0x08000307   Thumb Code     0  startup_stm32f10x_hd.o(.text)
    ADC3_IRQHandler                          0x08000307   Thumb Code     0  startup_stm32f10x_hd.o(.text)
    CAN1_RX1_IRQHandler                      0x08000307   Thumb Code     0  startup_stm32f10x_hd.o(.text)
    CAN1_SCE_IRQHandler                      0x08000307   Thumb Code     0  startup_stm32f10x_hd.o(.text)
    DMA1_Channel1_IRQHandler                 0x08000307   Thumb Code     0  startup_stm32f10x_hd.o(.text)
    DMA1_Channel2_IRQHandler                 0x08000307   Thumb Code     0  startup_stm32f10x_hd.o(.text)
    DMA1_Channel3_IRQHandler                 0x08000307   Thumb Code     0  startup_stm32f10x_hd.o(.text)
    DMA1_Channel4_IRQHandler                 0x08000307   Thumb Code     0  startup_stm32f10x_hd.o(.text)
    DMA1_Channel5_IRQHandler                 0x08000307   Thumb Code     0  startup_stm32f10x_hd.o(.text)
    DMA1_Channel6_IRQHandler                 0x08000307   Thumb Code     0  startup_stm32f10x_hd.o(.text)
    DMA1_Channel7_IRQHandler                 0x08000307   Thumb Code     0  startup_stm32f10x_hd.o(.text)
    DMA2_Channel1_IRQHandler                 0x08000307   Thumb Code     0  startup_stm32f10x_hd.o(.text)
    DMA2_Channel2_IRQHandler                 0x08000307   Thumb Code     0  startup_stm32f10x_hd.o(.text)
    DMA2_Channel3_IRQHandler                 0x08000307   Thumb Code     0  startup_stm32f10x_hd.o(.text)
    DMA2_Channel4_5_IRQHandler               0x08000307   Thumb Code     0  startup_stm32f10x_hd.o(.text)
    EXTI15_10_IRQHandler                     0x08000307   Thumb Code     0  startup_stm32f10x_hd.o(.text)
    FLASH_IRQHandler                         0x08000307   Thumb Code     0  startup_stm32f10x_hd.o(.text)
    FSMC_IRQHandler                          0x08000307   Thumb Code     0  startup_stm32f10x_hd.o(.text)
    I2C1_ER_IRQHandler                       0x08000307   Thumb Code     0  startup_stm32f10x_hd.o(.text)
    I2C1_EV_IRQHandler                       0x08000307   Thumb Code     0  startup_stm32f10x_hd.o(.text)
    I2C2_ER_IRQHandler                       0x08000307   Thumb Code     0  startup_stm32f10x_hd.o(.text)
    I2C2_EV_IRQHandler                       0x08000307   Thumb Code     0  startup_stm32f10x_hd.o(.text)
    PVD_IRQHandler                           0x08000307   Thumb Code     0  startup_stm32f10x_hd.o(.text)
    RCC_IRQHandler                           0x08000307   Thumb Code     0  startup_stm32f10x_hd.o(.text)
    RTCAlarm_IRQHandler                      0x08000307   Thumb Code     0  startup_stm32f10x_hd.o(.text)
    RTC_IRQHandler                           0x08000307   Thumb Code     0  startup_stm32f10x_hd.o(.text)
    SDIO_IRQHandler                          0x08000307   Thumb Code     0  startup_stm32f10x_hd.o(.text)
    SPI1_IRQHandler                          0x08000307   Thumb Code     0  startup_stm32f10x_hd.o(.text)
    SPI2_IRQHandler                          0x08000307   Thumb Code     0  startup_stm32f10x_hd.o(.text)
    SPI3_IRQHandler                          0x08000307   Thumb Code     0  startup_stm32f10x_hd.o(.text)
    TAMPER_IRQHandler                        0x08000307   Thumb Code     0  startup_stm32f10x_hd.o(.text)
    TIM1_BRK_IRQHandler                      0x08000307   Thumb Code     0  startup_stm32f10x_hd.o(.text)
    TIM1_CC_IRQHandler                       0x08000307   Thumb Code     0  startup_stm32f10x_hd.o(.text)
    TIM1_TRG_COM_IRQHandler                  0x08000307   Thumb Code     0  startup_stm32f10x_hd.o(.text)
    TIM1_UP_IRQHandler                       0x08000307   Thumb Code     0  startup_stm32f10x_hd.o(.text)
    TIM2_IRQHandler                          0x08000307   Thumb Code     0  startup_stm32f10x_hd.o(.text)
    TIM5_IRQHandler                          0x08000307   Thumb Code     0  startup_stm32f10x_hd.o(.text)
    TIM6_IRQHandler                          0x08000307   Thumb Code     0  startup_stm32f10x_hd.o(.text)
    TIM7_IRQHandler                          0x08000307   Thumb Code     0  startup_stm32f10x_hd.o(.text)
    TIM8_BRK_IRQHandler                      0x08000307   Thumb Code     0  startup_stm32f10x_hd.o(.text)
    TIM8_CC_IRQHandler                       0x08000307   Thumb Code     0  startup_stm32f10x_hd.o(.text)
    TIM8_TRG_COM_IRQHandler                  0x08000307   Thumb Code     0  startup_stm32f10x_hd.o(.text)
    TIM8_UP_IRQHandler                       0x08000307   Thumb Code     0  startup_stm32f10x_hd.o(.text)
    UART4_IRQHandler                         0x08000307   Thumb Code     0  startup_stm32f10x_hd.o(.text)
    UART5_IRQHandler                         0x08000307   Thumb Code     0  startup_stm32f10x_hd.o(.text)
    USART2_IRQHandler                        0x08000307   Thumb Code     0  startup_stm32f10x_hd.o(.text)
    USART3_IRQHandler                        0x08000307   Thumb Code     0  startup_stm32f10x_hd.o(.text)
    USBWakeUp_IRQHandler                     0x08000307   Thumb Code     0  startup_stm32f10x_hd.o(.text)
    USB_HP_CAN1_TX_IRQHandler                0x08000307   Thumb Code     0  startup_stm32f10x_hd.o(.text)
    USB_LP_CAN1_RX0_IRQHandler               0x08000307   Thumb Code     0  startup_stm32f10x_hd.o(.text)
    WWDG_IRQHandler                          0x08000307   Thumb Code     0  startup_stm32f10x_hd.o(.text)
    __user_initial_stackheap                 0x08000309   Thumb Code     0  startup_stm32f10x_hd.o(.text)
    __use_no_semihosting                     0x0800032d   Thumb Code     2  use_no_semi_2.o(.text)
    __aeabi_uldivmod                         0x0800032f   Thumb Code     0  lludivv7m.o(.text)
    _ll_udiv                                 0x0800032f   Thumb Code   238  lludivv7m.o(.text)
    __2printf                                0x0800041d   Thumb Code    20  noretval__2printf.o(.text)
    __2sprintf                               0x08000435   Thumb Code    34  noretval__2sprintf.o(.text)
    _printf_pre_padding                      0x0800045d   Thumb Code    44  _printf_pad.o(.text)
    _printf_post_padding                     0x08000489   Thumb Code    34  _printf_pad.o(.text)
    _printf_int_dec                          0x080004ad   Thumb Code   104  _printf_dec.o(.text)
    _printf_int_hex                          0x08000525   Thumb Code    84  _printf_hex_int.o(.text)
    _printf_longlong_hex                     0x08000525   Thumb Code     0  _printf_hex_int.o(.text)
    __printf                                 0x0800057d   Thumb Code   388  __printf_flags_ss_wp.o(.text)
    srand                                    0x08000705   Thumb Code    42  rand.o(.text)
    _rand_init                               0x0800072f   Thumb Code     4  rand.o(.text)
    __aeabi_memcpy                           0x08000741   Thumb Code     0  rt_memcpy_v6.o(.text)
    __rt_memcpy                              0x08000741   Thumb Code   138  rt_memcpy_v6.o(.text)
    _memcpy_lastbytes                        0x080007a7   Thumb Code     0  rt_memcpy_v6.o(.text)
    __use_two_region_memory                  0x080007cb   Thumb Code     2  heapauxi.o(.text)
    __rt_heap_escrow$2region                 0x080007cd   Thumb Code     2  heapauxi.o(.text)
    __rt_heap_expand$2region                 0x080007cf   Thumb Code     2  heapauxi.o(.text)
    __I$use$semihosting                      0x080007d1   Thumb Code     0  use_no_semi.o(.text)
    __use_no_semihosting_swi                 0x080007d1   Thumb Code     2  use_no_semi.o(.text)
    _printf_int_common                       0x080007d3   Thumb Code   178  _printf_intcommon.o(.text)
    __lib_sel_fp_printf                      0x08000885   Thumb Code     2  _printf_fp_dec.o(.text)
    _printf_fp_dec_real                      0x08000a37   Thumb Code   620  _printf_fp_dec.o(.text)
    _printf_char_common                      0x08000caf   Thumb Code    32  _printf_char_common.o(.text)
    _sputc                                   0x08000cd5   Thumb Code    10  _sputc.o(.text)
    _printf_char_file                        0x08000ce1   Thumb Code    32  _printf_char_file.o(.text)
    __aeabi_memcpy4                          0x08000d05   Thumb Code     0  rt_memcpy_w.o(.text)
    __aeabi_memcpy8                          0x08000d05   Thumb Code     0  rt_memcpy_w.o(.text)
    __rt_memcpy_w                            0x08000d05   Thumb Code   100  rt_memcpy_w.o(.text)
    _memcpy_lastbytes_aligned                0x08000d4d   Thumb Code     0  rt_memcpy_w.o(.text)
    __rt_locale                              0x08000d69   Thumb Code     8  rt_locale_intlibspace.o(.text)
    _ll_udiv10                               0x08000d71   Thumb Code   138  lludiv10.o(.text)
    _printf_fp_infnan                        0x08000dfd   Thumb Code   112  _printf_fp_infnan.o(.text)
    _btod_etento                             0x08000e7d   Thumb Code   224  bigflt0.o(.text)
    ferror                                   0x08000f61   Thumb Code     8  ferror.o(.text)
    __user_libspace                          0x08000f69   Thumb Code     8  libspace.o(.text)
    __user_perproc_libspace                  0x08000f69   Thumb Code     0  libspace.o(.text)
    __user_perthread_libspace                0x08000f69   Thumb Code     0  libspace.o(.text)
    __user_setup_stackheap                   0x08000f71   Thumb Code    74  sys_stackheap_outer.o(.text)
    exit                                     0x08000fbb   Thumb Code    18  exit.o(.text)
    strcmp                                   0x08000fcd   Thumb Code   128  strcmpv7m.o(.text)
    _btod_d2e                                0x0800104d   Thumb Code    62  btod.o(CL$$btod_d2e)
    _d2e_denorm_low                          0x0800108b   Thumb Code    70  btod.o(CL$$btod_d2e_denorm_low)
    _d2e_norm_op1                            0x080010d1   Thumb Code    96  btod.o(CL$$btod_d2e_norm_op1)
    __btod_div_common                        0x08001131   Thumb Code   696  btod.o(CL$$btod_div_common)
    _e2e                                     0x08001469   Thumb Code   220  btod.o(CL$$btod_e2e)
    _btod_ediv                               0x08001545   Thumb Code    42  btod.o(CL$$btod_ediv)
    _btod_emul                               0x0800156f   Thumb Code    42  btod.o(CL$$btod_emul)
    __btod_mult_common                       0x08001599   Thumb Code   580  btod.o(CL$$btod_mult_common)
    ADC_Cmd                                  0x080017dd   Thumb Code    22  stm32f10x_adc.o(i.ADC_Cmd)
    ADC_DeInit                               0x080017f5   Thumb Code    78  stm32f10x_adc.o(i.ADC_DeInit)
    ADC_GetCalibrationStatus                 0x08001851   Thumb Code    20  stm32f10x_adc.o(i.ADC_GetCalibrationStatus)
    ADC_GetConversionValue                   0x08001865   Thumb Code     8  stm32f10x_adc.o(i.ADC_GetConversionValue)
    ADC_GetFlagStatus                        0x0800186d   Thumb Code    18  stm32f10x_adc.o(i.ADC_GetFlagStatus)
    ADC_GetResetCalibrationStatus            0x0800187f   Thumb Code    20  stm32f10x_adc.o(i.ADC_GetResetCalibrationStatus)
    ADC_Init                                 0x08001895   Thumb Code    70  stm32f10x_adc.o(i.ADC_Init)
    ADC_RegularChannelConfig                 0x080018e5   Thumb Code   184  stm32f10x_adc.o(i.ADC_RegularChannelConfig)
    ADC_ResetCalibration                     0x0800199d   Thumb Code    10  stm32f10x_adc.o(i.ADC_ResetCalibration)
    ADC_SoftwareStartConvCmd                 0x080019a7   Thumb Code    22  stm32f10x_adc.o(i.ADC_SoftwareStartConvCmd)
    ADC_StartCalibration                     0x080019bd   Thumb Code    10  stm32f10x_adc.o(i.ADC_StartCalibration)
    ADC_TempSensorVrefintCmd                 0x080019c9   Thumb Code    30  stm32f10x_adc.o(i.ADC_TempSensorVrefintCmd)
    BusFault_Handler                         0x080019ed   Thumb Code     4  stm32f10x_it.o(i.BusFault_Handler)
    DAC_Cmd                                  0x080019f1   Thumb Code    34  stm32f10x_dac.o(i.DAC_Cmd)
    DAC_Init                                 0x08001a19   Thumb Code    46  stm32f10x_dac.o(i.DAC_Init)
    DAC_SetChannel1Data                      0x08001a4d   Thumb Code    26  stm32f10x_dac.o(i.DAC_SetChannel1Data)
    DMA_ClearFlag                            0x08001a6d   Thumb Code    18  stm32f10x_dma.o(i.DMA_ClearFlag)
    DMA_Cmd                                  0x08001a89   Thumb Code    24  stm32f10x_dma.o(i.DMA_Cmd)
    DMA_DeInit                               0x08001aa1   Thumb Code   324  stm32f10x_dma.o(i.DMA_DeInit)
    DMA_GetCurrDataCounter                   0x08001bed   Thumb Code     8  stm32f10x_dma.o(i.DMA_GetCurrDataCounter)
    DMA_GetFlagStatus                        0x08001bf5   Thumb Code    36  stm32f10x_dma.o(i.DMA_GetFlagStatus)
    DMA_Init                                 0x08001c21   Thumb Code    60  stm32f10x_dma.o(i.DMA_Init)
    DMA_SetCurrDataCounter                   0x08001c5d   Thumb Code     4  stm32f10x_dma.o(i.DMA_SetCurrDataCounter)
    DebugMon_Handler                         0x08001c61   Thumb Code     2  stm32f10x_it.o(i.DebugMon_Handler)
    EXTI0_IRQHandler                         0x08001c65   Thumb Code    50  keys.o(i.EXTI0_IRQHandler)
    EXTI1_IRQHandler                         0x08001c9d   Thumb Code    50  keys.o(i.EXTI1_IRQHandler)
    EXTI2_IRQHandler                         0x08001cd5   Thumb Code    50  keys.o(i.EXTI2_IRQHandler)
    EXTI3_IRQHandler                         0x08001d0d   Thumb Code    50  keys.o(i.EXTI3_IRQHandler)
    EXTI4_IRQHandler                         0x08001d45   Thumb Code    50  keys.o(i.EXTI4_IRQHandler)
    EXTI9_5_IRQHandler                       0x08001d7d   Thumb Code   266  keys.o(i.EXTI9_5_IRQHandler)
    EXTI_ClearITPendingBit                   0x08001e8d   Thumb Code     6  stm32f10x_exti.o(i.EXTI_ClearITPendingBit)
    EXTI_GetITStatus                         0x08001e99   Thumb Code    34  stm32f10x_exti.o(i.EXTI_GetITStatus)
    EXTI_Init                                0x08001ec1   Thumb Code   142  stm32f10x_exti.o(i.EXTI_Init)
    GPIO_EXTILineConfig                      0x08001f55   Thumb Code    60  stm32f10x_gpio.o(i.GPIO_EXTILineConfig)
    GPIO_Init                                0x08001f95   Thumb Code   278  stm32f10x_gpio.o(i.GPIO_Init)
    GPIO_ReadInputDataBit                    0x080020ab   Thumb Code    18  stm32f10x_gpio.o(i.GPIO_ReadInputDataBit)
    GPIO_ResetBits                           0x080020bd   Thumb Code     4  stm32f10x_gpio.o(i.GPIO_ResetBits)
    GPIO_SetBits                             0x080020c1   Thumb Code     4  stm32f10x_gpio.o(i.GPIO_SetBits)
    HardFault_Handler                        0x080020c5   Thumb Code     4  stm32f10x_it.o(i.HardFault_Handler)
    LCD_Address_Set                          0x080020c9   Thumb Code   228  c_lcd.o(i.LCD_Address_Set)
    LCD_DrawPoint                            0x080021b1   Thumb Code    28  c_lcd.o(i.LCD_DrawPoint)
    LCD_Fill                                 0x080021cd   Thumb Code   234  c_lcd.o(i.LCD_Fill)
    LCD_GPIO_Init                            0x080022c1   Thumb Code    36  c_lcd.o(i.LCD_GPIO_Init)
    LCD_ShowChar                             0x080022f1   Thumb Code   328  c_lcd.o(i.LCD_ShowChar)
    LCD_ShowPicture                          0x08002449   Thumb Code   136  c_lcd.o(i.LCD_ShowPicture)
    LCD_ShowString                           0x080024d9   Thumb Code    66  c_lcd.o(i.LCD_ShowString)
    LCD_WR_DATA                              0x0800251b   Thumb Code    18  c_lcd.o(i.LCD_WR_DATA)
    LCD_WR_DATA8                             0x0800252d   Thumb Code    12  c_lcd.o(i.LCD_WR_DATA8)
    LCD_WR_REG                               0x08002539   Thumb Code    26  c_lcd.o(i.LCD_WR_REG)
    LCD_Writ_Bus                             0x0800255d   Thumb Code    48  c_lcd.o(i.LCD_Writ_Bus)
    MYDMA_Config                             0x08002591   Thumb Code    82  dma.o(i.MYDMA_Config)
    MYDMA_Config1                            0x080025ed   Thumb Code    86  dma.o(i.MYDMA_Config1)
    MYDMA_Enable                             0x0800264d   Thumb Code    32  dma.o(i.MYDMA_Enable)
    MemManage_Handler                        0x08002671   Thumb Code     4  stm32f10x_it.o(i.MemManage_Handler)
    NMI_Handler                              0x08002675   Thumb Code     2  stm32f10x_it.o(i.NMI_Handler)
    NVIC_Init                                0x08002679   Thumb Code   100  misc.o(i.NVIC_Init)
    NVIC_PriorityGroupConfig                 0x080026e9   Thumb Code    10  misc.o(i.NVIC_PriorityGroupConfig)
    OLED_Clear                               0x080026fd   Thumb Code    42  oled.o(i.OLED_Clear)
    OLED_ClearPoint                          0x0800272d   Thumb Code   116  oled.o(i.OLED_ClearPoint)
    OLED_DrawPoint                           0x080027a5   Thumb Code    54  oled.o(i.OLED_DrawPoint)
    OLED_Refresh                             0x080027e1   Thumb Code    70  oled.o(i.OLED_Refresh)
    OLED_ShowChar                            0x0800282d   Thumb Code   240  oled.o(i.OLED_ShowChar)
    OLED_ShowString                          0x08002929   Thumb Code    66  oled.o(i.OLED_ShowString)
    OLED_WR_Byte                             0x0800296d   Thumb Code    88  oled.o(i.OLED_WR_Byte)
    PendSV_Handler                           0x080029d1   Thumb Code     2  stm32f10x_it.o(i.PendSV_Handler)
    RCC_ADCCLKConfig                         0x080029d5   Thumb Code    18  stm32f10x_rcc.o(i.RCC_ADCCLKConfig)
    RCC_AHBPeriphClockCmd                    0x080029ed   Thumb Code    26  stm32f10x_rcc.o(i.RCC_AHBPeriphClockCmd)
    RCC_APB1PeriphClockCmd                   0x08002a0d   Thumb Code    26  stm32f10x_rcc.o(i.RCC_APB1PeriphClockCmd)
    RCC_APB2PeriphClockCmd                   0x08002a2d   Thumb Code    26  stm32f10x_rcc.o(i.RCC_APB2PeriphClockCmd)
    RCC_APB2PeriphResetCmd                   0x08002a4d   Thumb Code    26  stm32f10x_rcc.o(i.RCC_APB2PeriphResetCmd)
    RCC_GetClocksFreq                        0x08002a6d   Thumb Code   192  stm32f10x_rcc.o(i.RCC_GetClocksFreq)
    SPI_Cmd                                  0x08002b41   Thumb Code    24  stm32f10x_spi.o(i.SPI_Cmd)
    SPI_I2S_DMACmd                           0x08002b59   Thumb Code    18  stm32f10x_spi.o(i.SPI_I2S_DMACmd)
    SPI_I2S_GetFlagStatus                    0x08002b6b   Thumb Code    18  stm32f10x_spi.o(i.SPI_I2S_GetFlagStatus)
    SPI_I2S_SendData                         0x08002b7d   Thumb Code     4  stm32f10x_spi.o(i.SPI_I2S_SendData)
    SPI_Init                                 0x08002b81   Thumb Code    60  stm32f10x_spi.o(i.SPI_Init)
    SVC_Handler                              0x08002bbd   Thumb Code     2  stm32f10x_it.o(i.SVC_Handler)
    SysTick_CLKSourceConfig                  0x08002ca9   Thumb Code    40  misc.o(i.SysTick_CLKSourceConfig)
    SysTick_Handler                          0x08002cd1   Thumb Code     2  stm32f10x_it.o(i.SysTick_Handler)
    SystemInit                               0x08002cd5   Thumb Code    78  system_stm32f10x.o(i.SystemInit)
    TIM3_IRQHandler                          0x08002d35   Thumb Code   584  threads.o(i.TIM3_IRQHandler)
    TIM4_IRQHandler                          0x08002f91   Thumb Code    22  music.o(i.TIM4_IRQHandler)
    TIM_ClearFlag                            0x08002fad   Thumb Code     6  stm32f10x_tim.o(i.TIM_ClearFlag)
    TIM_ClearITPendingBit                    0x08002fb3   Thumb Code     6  stm32f10x_tim.o(i.TIM_ClearITPendingBit)
    TIM_Cmd                                  0x08002fb9   Thumb Code    24  stm32f10x_tim.o(i.TIM_Cmd)
    TIM_GetITStatus                          0x08002fd1   Thumb Code    34  stm32f10x_tim.o(i.TIM_GetITStatus)
    TIM_ITConfig                             0x08002ff3   Thumb Code    18  stm32f10x_tim.o(i.TIM_ITConfig)
    TIM_TimeBaseInit                         0x08003005   Thumb Code   122  stm32f10x_tim.o(i.TIM_TimeBaseInit)
    USART1_IRQHandler                        0x080030a9   Thumb Code    72  usart.o(i.USART1_IRQHandler)
    USART_Cmd                                0x08003101   Thumb Code    24  stm32f10x_usart.o(i.USART_Cmd)
    USART_GetITStatus                        0x08003119   Thumb Code    84  stm32f10x_usart.o(i.USART_GetITStatus)
    USART_ITConfig                           0x0800316d   Thumb Code    74  stm32f10x_usart.o(i.USART_ITConfig)
    USART_Init                               0x080031b9   Thumb Code   210  stm32f10x_usart.o(i.USART_Init)
    USART_ReceiveData                        0x08003291   Thumb Code    10  stm32f10x_usart.o(i.USART_ReceiveData)
    UsageFault_Handler                       0x0800329b   Thumb Code     4  stm32f10x_it.o(i.UsageFault_Handler)
    __ARM_fpclassify                         0x0800329f   Thumb Code    40  fpclassify.o(i.__ARM_fpclassify)
    _is_digit                                0x080032c7   Thumb Code    14  __printf_wp.o(i._is_digit)
    _sys_exit                                0x080032d5   Thumb Code     4  usart.o(i._sys_exit)
    add_buf_color                            0x080032d9   Thumb Code   126  c_lcd_draw.o(i.add_buf_color)
    add_stone                                0x0800335d   Thumb Code   160  c_lcd_draw.o(i.add_stone)
    add_thread                               0x0800342d   Thumb Code   244  threads.o(i.add_thread)
    alpha_mix                                0x08003535   Thumb Code   162  c_lcd_draw.o(i.alpha_mix)
    c_lcd_init                               0x080035d9   Thumb Code   490  c_lcd.o(i.c_lcd_init)
    c_lcd_refresher                          0x080037e1   Thumb Code  1764  c_lcd_draw.o(i.c_lcd_refresher)
    caller                                   0x08003f21   Thumb Code   190  threads.o(i.caller)
    clr_it_type                              0x08003fed   Thumb Code   164  threads.o(i.clr_it_type)
    dac1_init                                0x08004095   Thumb Code    64  music.o(i.dac1_init)
    delay_ms                                 0x080040dd   Thumb Code   200  threads.o(i.delay_ms)
    delay_us                                 0x080041b5   Thumb Code   192  threads.o(i.delay_us)
    display_list_char                        0x08004285   Thumb Code    54  lcd1602.o(i.display_list_char)
    display_one_char                         0x080042bd   Thumb Code    64  lcd1602.o(i.display_one_char)
    four_bytes_align                         0x08004301   Thumb Code     8  threads.o(i.four_bytes_align)
    fputc                                    0x08004309   Thumb Code    16  usart.o(i.fputc)
    frozen_thread                            0x08004319   Thumb Code    28  threads.o(i.frozen_thread)
    get_avg                                  0x08004339   Thumb Code    80  music.o(i.get_avg)
    get_volt                                 0x08004389   Thumb Code    82  music.o(i.get_volt)
    init_keys                                0x080043e5   Thumb Code   104  keys.o(i.init_keys)
    init_led                                 0x0800444d   Thumb Code    18  c_lcd_draw.o(i.init_led)
    init_play                                0x08004461   Thumb Code    72  c_lcd_draw.o(i.init_play)
    init_threads_manager                     0x080044e5   Thumb Code   258  threads.o(i.init_threads_manager)
    key_check                                0x08004609   Thumb Code   106  music.o(i.key_check)
    key_loop                                 0x0800467d   Thumb Code   500  music.o(i.key_loop)
    lcd_init                                 0x080048a5   Thumb Code   228  lcd1602.o(i.lcd_init)
    lcd_show                                 0x08004999   Thumb Code   200  main.o(i.lcd_show)
    led                                      0x08004a8d   Thumb Code    52  main.o(i.led)
    main                                     0x08004ac1   Thumb Code   432  main.o(i.main)
    oled_init                                0x08004c95   Thumb Code   302  oled.o(i.oled_init)
    oled_show                                0x08004dd9   Thumb Code   264  main.o(i.oled_show)
    paint_bg_to_buffer_                      0x08004f11   Thumb Code   172  c_lcd_draw.o(i.paint_bg_to_buffer_)
    paint_char_to_buffer                     0x08004fc9   Thumb Code   652  c_lcd_draw.o(i.paint_char_to_buffer)
    paint_pic_to_buffer                      0x08005269   Thumb Code   282  c_lcd_draw.o(i.paint_pic_to_buffer)
    paint_str_to_buffer                      0x08005389   Thumb Code    76  c_lcd_draw.o(i.paint_str_to_buffer)
    play_loop                                0x080053d5   Thumb Code    52  music.o(i.play_loop)
    port_enable                              0x08005411   Thumb Code    78  gpio.o(i.port_enable)
    rand_init                                0x08005471   Thumb Code   182  c_lcd_draw.o(i.rand_init)
    read_bit                                 0x0800552d   Thumb Code    46  gpio.o(i.read_bit)
    read_data                                0x08005565   Thumb Code   102  lcd1602.o(i.read_data)
    read_status_LCD                          0x080055d9   Thumb Code    90  lcd1602.o(i.read_status_LCD)
    resume_thread                            0x08005639   Thumb Code    32  threads.o(i.resume_thread)
    send_char                                0x0800565d   Thumb Code    24  usart.o(i.send_char)
    set_ain                                  0x08005679   Thumb Code    14  gpio.o(i.set_ain)
    set_anti_bit                             0x08005687   Thumb Code    30  gpio.o(i.set_anti_bit)
    set_bit                                  0x080056a5   Thumb Code    96  gpio.o(i.set_bit)
    set_data                                 0x0800570d   Thumb Code   122  lcd1602.o(i.set_data)
    set_data_in                              0x08005795   Thumb Code    26  lcd1602.o(i.set_data_in)
    set_data_out                             0x080057b9   Thumb Code    26  lcd1602.o(i.set_data_out)
    set_din                                  0x080057dd   Thumb Code    14  gpio.o(i.set_din)
    set_exti_line                            0x080057ed   Thumb Code   128  gpio.o(i.set_exti_line)
    set_fps                                  0x08005885   Thumb Code     6  c_lcd_draw.o(i.set_fps)
    set_high                                 0x08005891   Thumb Code    28  lcd1602.o(i.set_high)
    set_ppout                                0x080058b5   Thumb Code    14  gpio.o(i.set_ppout)
    set_puin                                 0x080058c3   Thumb Code    14  gpio.o(i.set_puin)
    spi1_init                                0x080058d1   Thumb Code   104  spi.o(i.spi1_init)
    spi2_init                                0x0800593d   Thumb Code   104  spi.o(i.spi2_init)
    start_thread                             0x080059a9   Thumb Code    18  threads.o(i.start_thread)
    stone_check                              0x080059bd   Thumb Code   132  c_lcd_draw.o(i.stone_check)
    stone_move                               0x08005a49   Thumb Code   302  c_lcd_draw.o(i.stone_move)
    time                                     0x08005b8d   Thumb Code     6  threads.o(i.time)
    usart1_init                              0x08005b99   Thumb Code   124  usart.o(i.usart1_init)
    wait_dma                                 0x08005c1d   Thumb Code    30  c_lcd.o(i.wait_dma)
    write_command_LCD                        0x08005c3d   Thumb Code    50  lcd1602.o(i.write_command_LCD)
    write_data_LCD                           0x08005c75   Thumb Code    46  lcd1602.o(i.write_data_LCD)
    _get_lc_numeric                          0x08005ca9   Thumb Code    44  lc_numeric_c.o(locale$$code)
    __aeabi_d2f                              0x08005cd5   Thumb Code     0  d2f.o(x$fpl$d2f)
    _d2f                                     0x08005cd5   Thumb Code    98  d2f.o(x$fpl$d2f)
    __aeabi_dadd                             0x08005d39   Thumb Code     0  daddsub_clz.o(x$fpl$dadd)
    _dadd                                    0x08005d39   Thumb Code   332  daddsub_clz.o(x$fpl$dadd)
    __fpl_dcmp_Inf                           0x08005e89   Thumb Code    24  dcmpi.o(x$fpl$dcmpinf)
    __aeabi_cdcmple                          0x08005ea1   Thumb Code     0  dleqf.o(x$fpl$dleqf)
    _dcmple                                  0x08005ea1   Thumb Code   120  dleqf.o(x$fpl$dleqf)
    __fpl_dcmple_InfNaN                      0x08005f03   Thumb Code     0  dleqf.o(x$fpl$dleqf)
    __fpl_dnaninf                            0x08005f19   Thumb Code   156  dnaninf.o(x$fpl$dnaninf)
    __fpl_dretinf                            0x08005fb5   Thumb Code    12  dretinf.o(x$fpl$dretinf)
    __aeabi_cdrcmple                         0x08005fc1   Thumb Code     0  drleqf.o(x$fpl$drleqf)
    _drcmple                                 0x08005fc1   Thumb Code   108  drleqf.o(x$fpl$drleqf)
    __aeabi_dsub                             0x0800602d   Thumb Code     0  daddsub_clz.o(x$fpl$dsub)
    _dsub                                    0x0800602d   Thumb Code   464  daddsub_clz.o(x$fpl$dsub)
    __aeabi_f2d                              0x08006201   Thumb Code     0  f2d.o(x$fpl$f2d)
    _f2d                                     0x08006201   Thumb Code    86  f2d.o(x$fpl$f2d)
    __aeabi_fadd                             0x08006259   Thumb Code     0  faddsub_clz.o(x$fpl$fadd)
    _fadd                                    0x08006259   Thumb Code   196  faddsub_clz.o(x$fpl$fadd)
    __fpl_fcmp_Inf                           0x0800631d   Thumb Code    24  fcmpi.o(x$fpl$fcmpinf)
    __aeabi_fdiv                             0x08006335   Thumb Code     0  fdiv.o(x$fpl$fdiv)
    _fdiv                                    0x08006335   Thumb Code   384  fdiv.o(x$fpl$fdiv)
    __aeabi_f2iz                             0x080064b9   Thumb Code     0  ffix.o(x$fpl$ffix)
    _ffix                                    0x080064b9   Thumb Code    54  ffix.o(x$fpl$ffix)
    __aeabi_f2uiz                            0x080064f1   Thumb Code     0  ffixu.o(x$fpl$ffixu)
    _ffixu                                   0x080064f1   Thumb Code    62  ffixu.o(x$fpl$ffixu)
    __aeabi_i2f                              0x08006531   Thumb Code     0  fflt_clz.o(x$fpl$fflt)
    _fflt                                    0x08006531   Thumb Code    48  fflt_clz.o(x$fpl$fflt)
    __aeabi_ul2f                             0x08006561   Thumb Code     0  ffltll_clz.o(x$fpl$ffltll)
    _ll_uto_f                                0x08006561   Thumb Code     6  ffltll_clz.o(x$fpl$ffltll)
    __aeabi_l2f                              0x08006567   Thumb Code     0  ffltll_clz.o(x$fpl$ffltll)
    _ll_sto_f                                0x08006567   Thumb Code    90  ffltll_clz.o(x$fpl$ffltll)
    __aeabi_ui2f                             0x080065c1   Thumb Code     0  fflt_clz.o(x$fpl$ffltu)
    _ffltu                                   0x080065c1   Thumb Code    38  fflt_clz.o(x$fpl$ffltu)
    __aeabi_cfcmple                          0x080065e9   Thumb Code     0  fleqf.o(x$fpl$fleqf)
    _fcmple                                  0x080065e9   Thumb Code   104  fleqf.o(x$fpl$fleqf)
    __fpl_fcmple_InfNaN                      0x0800663b   Thumb Code     0  fleqf.o(x$fpl$fleqf)
    __aeabi_fmul                             0x08006651   Thumb Code     0  fmul.o(x$fpl$fmul)
    _fmul                                    0x08006651   Thumb Code   258  fmul.o(x$fpl$fmul)
    __fpl_fnaninf                            0x08006753   Thumb Code   140  fnaninf.o(x$fpl$fnaninf)
    __fpl_fretinf                            0x080067df   Thumb Code    10  fretinf.o(x$fpl$fretinf)
    __aeabi_cfrcmple                         0x080067e9   Thumb Code     0  frleqf.o(x$fpl$frleqf)
    _frcmple                                 0x080067e9   Thumb Code    98  frleqf.o(x$fpl$frleqf)
    __aeabi_fsub                             0x0800684d   Thumb Code     0  faddsub_clz.o(x$fpl$fsub)
    _fsub                                    0x0800684d   Thumb Code   234  faddsub_clz.o(x$fpl$fsub)
    _printf_fp_dec                           0x08006937   Thumb Code     4  printf1.o(x$fpl$printf1)
    __I$use$fp                               0x0800693a   Number         0  usenofp.o(x$fpl$usenofp)
    asc2_1206                                0x0800693a   Data        1140  oled.o(.constdata)
    asc2_1608                                0x08006dae   Data        1520  oled.o(.constdata)
    asc2_2412                                0x0800739e   Data        3420  oled.o(.constdata)
    gImage_1                                 0x080080fa   Data        3200  c_lcd_draw.o(.constdata)
    gImage_2                                 0x08008d7a   Data       115200  c_lcd_draw.o(.constdata)
    jump_offsets                             0x08024f7a   Data          12  c_lcd_draw.o(.constdata)
    ascii_1206                               0x08024f86   Data        1140  c_lcdfont.o(.constdata)
    ascii_1608                               0x080253fa   Data        1520  c_lcdfont.o(.constdata)
    ascii_2412                               0x080259ea   Data        4560  c_lcdfont.o(.constdata)
    ascii_3216                               0x08026bba   Data        6080  c_lcdfont.o(.constdata)
    bg_pic                                   0x0802837a   Data       14400  pics.o(.constdata)
    bg_palette                               0x0802bbba   Data         514  pics.o(.constdata)
    run_pics                                 0x0802bdbc   Data       28800  pics.o(.constdata)
    run_pic_masks                            0x08032e3c   Data       14400  pics.o(.constdata)
    stone_l_pic                              0x0803667c   Data         950  pics.o(.constdata)
    stone_l_mask                             0x08036a32   Data         475  pics.o(.constdata)
    stone_h_pic                              0x08036c0d   Data        2016  pics.o(.constdata)
    stone_h_mask                             0x080373ed   Data        1008  pics.o(.constdata)
    GPIOpin                                  0x080377e0   Data          32  gpio.o(.constdata)
    APB_GPIO                                 0x08037800   Data          28  gpio.o(.constdata)
    EXTIx                                    0x0803781c   Data          64  gpio.o(.constdata)
    EXTIx_IRQn                               0x0803785c   Data          16  gpio.o(.constdata)
    GPIO_PortSourceGPIOx                     0x0803786c   Data           7  gpio.o(.constdata)
    GPIO_PinSourcex                          0x08037873   Data          16  gpio.o(.constdata)
    Region$$Table$$Base                      0x08037950   Number         0  anon$$obj.o(Region$$Table)
    Region$$Table$$Limit                     0x08037970   Number         0  anon$$obj.o(Region$$Table)
    lcd                                      0x20000014   Data           4  main.o(.data)
    SystemCoreClock                          0x20000018   Data           4  system_stm32f10x.o(.data)
    AHBPrescTable                            0x2000001c   Data          16  system_stm32f10x.o(.data)
    four_bit                                 0x2000002c   Data           1  lcd1602.o(.data)
    one_line                                 0x2000002d   Data           1  lcd1602.o(.data)
    start                                    0x2000002e   Data           1  lcd1602.o(.data)
    type_data_line                           0x2000002f   Data           1  lcd1602.o(.data)
    DataPorts                                0x20000030   Data          32  lcd1602.o(.data)
    on_display                               0x20000050   Data           1  lcd1602.o(.data)
    Hzk1                                     0x20000054   Data         352  oled.o(.data)
    Hzk2                                     0x200001b4   Data         216  oled.o(.data)
    Hzk3                                     0x2000028c   Data         512  oled.o(.data)
    Hzk4                                     0x2000048c   Data        4096  oled.o(.data)
    sound_length_div                         0x20001490   Data           4  music.o(.data)
    base                                     0x20001494   Data           4  music.o(.data)
    out_val                                  0x20001498   Data           2  music.o(.data)
    duty                                     0x2000149a   Data           2  music.o(.data)
    frequency                                0x2000149c   Data           2  music.o(.data)
    type                                     0x2000149e   Data           1  music.o(.data)
    frequencies                              0x200014a0   Data         144  music.o(.data)
    f_trans                                  0x20001530   Data          32  music.o(.data)
    x                                        0x20001550   Data           1  music.o(.data)
    use_horizontal                           0x20001554   Data           4  c_lcd.o(.data)
    pressed_keys                             0x2000155c   Data           4  keys.o(.data)
    n_layers                                 0x20001560   Data           1  c_lcd_draw.o(.data)
    frames                                   0x20001564   Data           4  c_lcd_draw.o(.data)
    g_on_play                                0x20001568   Data           1  c_lcd_draw.o(.data)
    stone_layers_start                       0x20001569   Data           1  c_lcd_draw.o(.data)
    stone_layers_end                         0x2000156a   Data           1  c_lcd_draw.o(.data)
    safe_dist                                0x2000156c   Data           4  c_lcd_draw.o(.data)
    fps                                      0x20001570   Data           1  c_lcd_draw.o(.data)
    current_fps                              0x20001574   Data           4  c_lcd_draw.o(.data)
    run_count                                0x20001578   Data           1  c_lcd_draw.o(.data)
    bg_count                                 0x20001579   Data           1  c_lcd_draw.o(.data)
    score                                    0x2000157a   Data           2  c_lcd_draw.o(.data)
    speed                                    0x2000157c   Data           4  c_lcd_draw.o(.data)
    f_n_layers                               0x20001580   Data           4  c_lcd_draw.o(.data)
    f_jump_count                             0x20001584   Data           4  c_lcd_draw.o(.data)
    f_bg_count                               0x20001588   Data           4  c_lcd_draw.o(.data)
    jump_count                               0x2000158c   Data           1  c_lcd_draw.o(.data)
    do_jump                                  0x2000158d   Data           1  c_lcd_draw.o(.data)
    gen_p                                    0x20001590   Data           4  c_lcd_draw.o(.data)
    max_gen_p                                0x20001594   Data           4  c_lcd_draw.o(.data)
    gen_step                                 0x20001598   Data           4  c_lcd_draw.o(.data)
    h_p                                      0x2000159c   Data           4  c_lcd_draw.o(.data)
    max_h_p                                  0x200015a0   Data           4  c_lcd_draw.o(.data)
    h_step                                   0x200015a4   Data           4  c_lcd_draw.o(.data)
    play_led                                 0x200015a8   Data           1  c_lcd_draw.o(.data)
    stdin_pos                                0x200015ac   Data           2  usart.o(.data)
    stdin_len                                0x200015ae   Data           2  usart.o(.data)
    ACT_USART                                0x200015b0   Data           4  usart.o(.data)
    __stdout                                 0x200015b4   Data           4  usart.o(.data)
    __stdin                                  0x200015b8   Data           4  usart.o(.data)
    on_send_str                              0x200015bc   Data           1  usart.o(.data)
    GPIOx                                    0x200015c0   Data          28  gpio.o(.data)
    GPIOStructure                            0x200015dc   Data           4  gpio.o(.data)
    EXTI_InitStructure                       0x200015e0   Data           8  gpio.o(.data)
    NVIC_InitStructure                       0x200015e8   Data           4  gpio.o(.data)
    no_schedule                              0x200015f0   Data           1  threads.o(.data)
    joined_threads                           0x200015f1   Data           1  threads.o(.data)
    timestamp                                0x200015f8   Data           8  threads.o(.data)
    current_task                             0x20001604   Data           1  threads.o(.data)
    DMA1_MEM_LEN                             0x20001606   Data           2  dma.o(.data)
    OLED_GRAM                                0x20001608   Data        1152  oled.o(.bss)
    bg                                       0x20001a88   Data       14400  c_lcd_draw.o(.bss)
    paint_buffer                             0x200052c8   Data       16800  c_lcd_draw.o(.bss)
    layers                                   0x20009468   Data          40  c_lcd_draw.o(.bss)
    stone_layers                             0x20009490   Data         300  c_lcd_draw.o(.bss)
    shifts                                   0x200095bc   Data          60  c_lcd_draw.o(.bss)
    stdin_buf                                0x200095f8   Data        1024  usart.o(.bss)
    stack                                    0x200099f8   Data        8192  threads.o(.bss)
    pcb_array                                0x2000b9f8   Data         704  threads.o(.bss)
    DMA_InitStructure                        0x2000bcb8   Data          44  dma.o(.bss)
    _random_number_data                      0x2000bce4   Data         228  rand.o(.bss)
    __libspace_start                         0x2000bdc8   Data          96  libspace.o(.bss)
    __temporary_stack_top$libspace           0x2000be28   Data           0  libspace.o(.bss)



==============================================================================

Memory Map of the image

  Image Entry point : 0x08000131

  Load Region LR_IROM1 (Base: 0x08000000, Size: 0x00038f94, Max: 0x00080000, ABSOLUTE, COMPRESSED[0x00037c34])

    Execution Region ER_IROM1 (Exec base: 0x08000000, Load base: 0x08000000, Size: 0x0003798c, Max: 0x00080000, ABSOLUTE)

    Exec Addr    Load Addr    Size         Type   Attr      Idx    E Section Name        Object

    0x08000000   0x08000000   0x00000130   Data   RO         2939    RESET               startup_stm32f10x_hd.o
    0x08000130   0x08000130   0x00000008   Code   RO         3018  * !!!main             c_w.l(__main.o)
    0x08000138   0x08000138   0x00000034   Code   RO         3330    !!!scatter          c_w.l(__scatter.o)
    0x0800016c   0x0800016c   0x0000005a   Code   RO         3328    !!dczerorl2         c_w.l(__dczerorl2.o)
    0x080001c6   0x080001c6   0x00000002   PAD
    0x080001c8   0x080001c8   0x0000001c   Code   RO         3332    !!handler_zi        c_w.l(__scatter_zi.o)
    0x080001e4   0x080001e4   0x00000000   Code   RO         3008    .ARM.Collect$$_printf_percent$$00000000  c_w.l(_printf_percent.o)
    0x080001e4   0x080001e4   0x00000006   Code   RO         3007    .ARM.Collect$$_printf_percent$$00000003  c_w.l(_printf_f.o)
    0x080001ea   0x080001ea   0x00000006   Code   RO         3006    .ARM.Collect$$_printf_percent$$00000009  c_w.l(_printf_d.o)
    0x080001f0   0x080001f0   0x00000006   Code   RO         3005    .ARM.Collect$$_printf_percent$$0000000C  c_w.l(_printf_x.o)
    0x080001f6   0x080001f6   0x00000004   Code   RO         3105    .ARM.Collect$$_printf_percent$$00000017  c_w.l(_printf_percent_end.o)
    0x080001fa   0x080001fa   0x00000002   Code   RO         3256    .ARM.Collect$$libinit$$00000000  c_w.l(libinit.o)
    0x080001fc   0x080001fc   0x00000000   Code   RO         3109    .ARM.Collect$$libinit$$00000002  c_w.l(libinit2.o)
    0x080001fc   0x080001fc   0x00000000   Code   RO         3111    .ARM.Collect$$libinit$$00000004  c_w.l(libinit2.o)
    0x080001fc   0x080001fc   0x00000000   Code   RO         3114    .ARM.Collect$$libinit$$0000000A  c_w.l(libinit2.o)
    0x080001fc   0x080001fc   0x00000000   Code   RO         3116    .ARM.Collect$$libinit$$0000000C  c_w.l(libinit2.o)
    0x080001fc   0x080001fc   0x00000004   Code   RO         3117    .ARM.Collect$$libinit$$0000000D  c_w.l(libinit2.o)
    0x08000200   0x08000200   0x00000000   Code   RO         3118    .ARM.Collect$$libinit$$0000000E  c_w.l(libinit2.o)
    0x08000200   0x08000200   0x00000006   Code   RO         3119    .ARM.Collect$$libinit$$0000000F  c_w.l(libinit2.o)
    0x08000206   0x08000206   0x00000000   Code   RO         3121    .ARM.Collect$$libinit$$00000011  c_w.l(libinit2.o)
    0x08000206   0x08000206   0x00000000   Code   RO         3123    .ARM.Collect$$libinit$$00000013  c_w.l(libinit2.o)
    0x08000206   0x08000206   0x00000000   Code   RO         3125    .ARM.Collect$$libinit$$00000015  c_w.l(libinit2.o)
    0x08000206   0x08000206   0x0000000a   Code   RO         3126    .ARM.Collect$$libinit$$00000016  c_w.l(libinit2.o)
    0x08000210   0x08000210   0x00000000   Code   RO         3127    .ARM.Collect$$libinit$$00000017  c_w.l(libinit2.o)
    0x08000210   0x08000210   0x00000000   Code   RO         3129    .ARM.Collect$$libinit$$00000019  c_w.l(libinit2.o)
    0x08000210   0x08000210   0x00000000   Code   RO         3131    .ARM.Collect$$libinit$$0000001B  c_w.l(libinit2.o)
    0x08000210   0x08000210   0x00000000   Code   RO         3133    .ARM.Collect$$libinit$$0000001D  c_w.l(libinit2.o)
    0x08000210   0x08000210   0x00000000   Code   RO         3135    .ARM.Collect$$libinit$$0000001F  c_w.l(libinit2.o)
    0x08000210   0x08000210   0x00000000   Code   RO         3137    .ARM.Collect$$libinit$$00000021  c_w.l(libinit2.o)
    0x08000210   0x08000210   0x00000000   Code   RO         3139    .ARM.Collect$$libinit$$00000023  c_w.l(libinit2.o)
    0x08000210   0x08000210   0x00000000   Code   RO         3141    .ARM.Collect$$libinit$$00000025  c_w.l(libinit2.o)
    0x08000210   0x08000210   0x00000000   Code   RO         3145    .ARM.Collect$$libinit$$0000002C  c_w.l(libinit2.o)
    0x08000210   0x08000210   0x00000000   Code   RO         3147    .ARM.Collect$$libinit$$0000002E  c_w.l(libinit2.o)
    0x08000210   0x08000210   0x00000000   Code   RO         3149    .ARM.Collect$$libinit$$00000030  c_w.l(libinit2.o)
    0x08000210   0x08000210   0x00000000   Code   RO         3151    .ARM.Collect$$libinit$$00000032  c_w.l(libinit2.o)
    0x08000210   0x08000210   0x00000002   Code   RO         3152    .ARM.Collect$$libinit$$00000033  c_w.l(libinit2.o)
    0x08000212   0x08000212   0x00000002   Code   RO         3293    .ARM.Collect$$libshutdown$$00000000  c_w.l(libshutdown.o)
    0x08000214   0x08000214   0x00000000   Code   RO         3309    .ARM.Collect$$libshutdown$$00000002  c_w.l(libshutdown2.o)
    0x08000214   0x08000214   0x00000000   Code   RO         3311    .ARM.Collect$$libshutdown$$00000004  c_w.l(libshutdown2.o)
    0x08000214   0x08000214   0x00000000   Code   RO         3313    .ARM.Collect$$libshutdown$$00000006  c_w.l(libshutdown2.o)
    0x08000214   0x08000214   0x00000000   Code   RO         3316    .ARM.Collect$$libshutdown$$00000009  c_w.l(libshutdown2.o)
    0x08000214   0x08000214   0x00000000   Code   RO         3319    .ARM.Collect$$libshutdown$$0000000C  c_w.l(libshutdown2.o)
    0x08000214   0x08000214   0x00000000   Code   RO         3321    .ARM.Collect$$libshutdown$$0000000E  c_w.l(libshutdown2.o)
    0x08000214   0x08000214   0x00000000   Code   RO         3324    .ARM.Collect$$libshutdown$$00000011  c_w.l(libshutdown2.o)
    0x08000214   0x08000214   0x00000002   Code   RO         3325    .ARM.Collect$$libshutdown$$00000012  c_w.l(libshutdown2.o)
    0x08000216   0x08000216   0x00000000   Code   RO         3090    .ARM.Collect$$rtentry$$00000000  c_w.l(__rtentry.o)
    0x08000216   0x08000216   0x00000000   Code   RO         3167    .ARM.Collect$$rtentry$$00000002  c_w.l(__rtentry2.o)
    0x08000216   0x08000216   0x00000006   Code   RO         3179    .ARM.Collect$$rtentry$$00000004  c_w.l(__rtentry4.o)
    0x0800021c   0x0800021c   0x00000000   Code   RO         3169    .ARM.Collect$$rtentry$$00000009  c_w.l(__rtentry2.o)
    0x0800021c   0x0800021c   0x00000004   Code   RO         3170    .ARM.Collect$$rtentry$$0000000A  c_w.l(__rtentry2.o)
    0x08000220   0x08000220   0x00000000   Code   RO         3172    .ARM.Collect$$rtentry$$0000000C  c_w.l(__rtentry2.o)
    0x08000220   0x08000220   0x00000008   Code   RO         3173    .ARM.Collect$$rtentry$$0000000D  c_w.l(__rtentry2.o)
    0x08000228   0x08000228   0x00000002   Code   RO         3259    .ARM.Collect$$rtexit$$00000000  c_w.l(rtexit.o)
    0x0800022a   0x0800022a   0x00000000   Code   RO         3275    .ARM.Collect$$rtexit$$00000002  c_w.l(rtexit2.o)
    0x0800022a   0x0800022a   0x00000004   Code   RO         3276    .ARM.Collect$$rtexit$$00000003  c_w.l(rtexit2.o)
    0x0800022e   0x0800022e   0x00000006   Code   RO         3277    .ARM.Collect$$rtexit$$00000004  c_w.l(rtexit2.o)
    0x08000234   0x08000234   0x00000006   Code   RO         2776    .emb_text           sys.o
    0x0800023a   0x0800023a   0x00000002   PAD
    0x0800023c   0x0800023c   0x0000007c   Code   RO         2804    .emb_text           threads.o
    0x080002b8   0x080002b8   0x00000034   Code   RO         3009    .emb_text           c_w.l(rand.o)
    0x080002ec   0x080002ec   0x00000040   Code   RO         2940    .text               startup_stm32f10x_hd.o
    0x0800032c   0x0800032c   0x00000002   Code   RO         2946    .text               c_w.l(use_no_semi_2.o)
    0x0800032e   0x0800032e   0x000000ee   Code   RO         2948    .text               c_w.l(lludivv7m.o)
    0x0800041c   0x0800041c   0x00000018   Code   RO         2954    .text               c_w.l(noretval__2printf.o)
    0x08000434   0x08000434   0x00000028   Code   RO         2956    .text               c_w.l(noretval__2sprintf.o)
    0x0800045c   0x0800045c   0x0000004e   Code   RO         2960    .text               c_w.l(_printf_pad.o)
    0x080004aa   0x080004aa   0x00000002   PAD
    0x080004ac   0x080004ac   0x00000078   Code   RO         2962    .text               c_w.l(_printf_dec.o)
    0x08000524   0x08000524   0x00000058   Code   RO         2967    .text               c_w.l(_printf_hex_int.o)
    0x0800057c   0x0800057c   0x00000188   Code   RO         3002    .text               c_w.l(__printf_flags_ss_wp.o)
    0x08000704   0x08000704   0x0000003c   Code   RO         3010    .text               c_w.l(rand.o)
    0x08000740   0x08000740   0x0000008a   Code   RO         3014    .text               c_w.l(rt_memcpy_v6.o)
    0x080007ca   0x080007ca   0x00000006   Code   RO         3016    .text               c_w.l(heapauxi.o)
    0x080007d0   0x080007d0   0x00000002   Code   RO         3088    .text               c_w.l(use_no_semi.o)
    0x080007d2   0x080007d2   0x000000b2   Code   RO         3095    .text               c_w.l(_printf_intcommon.o)
    0x08000884   0x08000884   0x0000041e   Code   RO         3097    .text               c_w.l(_printf_fp_dec.o)
    0x08000ca2   0x08000ca2   0x00000002   PAD
    0x08000ca4   0x08000ca4   0x00000030   Code   RO         3099    .text               c_w.l(_printf_char_common.o)
    0x08000cd4   0x08000cd4   0x0000000a   Code   RO         3101    .text               c_w.l(_sputc.o)
    0x08000cde   0x08000cde   0x00000002   PAD
    0x08000ce0   0x08000ce0   0x00000024   Code   RO         3103    .text               c_w.l(_printf_char_file.o)
    0x08000d04   0x08000d04   0x00000064   Code   RO         3106    .text               c_w.l(rt_memcpy_w.o)
    0x08000d68   0x08000d68   0x00000008   Code   RO         3186    .text               c_w.l(rt_locale_intlibspace.o)
    0x08000d70   0x08000d70   0x0000008a   Code   RO         3188    .text               c_w.l(lludiv10.o)
    0x08000dfa   0x08000dfa   0x00000002   PAD
    0x08000dfc   0x08000dfc   0x00000080   Code   RO         3190    .text               c_w.l(_printf_fp_infnan.o)
    0x08000e7c   0x08000e7c   0x000000e4   Code   RO         3194    .text               c_w.l(bigflt0.o)
    0x08000f60   0x08000f60   0x00000008   Code   RO         3219    .text               c_w.l(ferror.o)
    0x08000f68   0x08000f68   0x00000008   Code   RO         3234    .text               c_w.l(libspace.o)
    0x08000f70   0x08000f70   0x0000004a   Code   RO         3237    .text               c_w.l(sys_stackheap_outer.o)
    0x08000fba   0x08000fba   0x00000012   Code   RO         3239    .text               c_w.l(exit.o)
    0x08000fcc   0x08000fcc   0x00000080   Code   RO         3245    .text               c_w.l(strcmpv7m.o)
    0x0800104c   0x0800104c   0x0000003e   Code   RO         3197    CL$$btod_d2e        c_w.l(btod.o)
    0x0800108a   0x0800108a   0x00000046   Code   RO         3199    CL$$btod_d2e_denorm_low  c_w.l(btod.o)
    0x080010d0   0x080010d0   0x00000060   Code   RO         3198    CL$$btod_d2e_norm_op1  c_w.l(btod.o)
    0x08001130   0x08001130   0x00000338   Code   RO         3207    CL$$btod_div_common  c_w.l(btod.o)
    0x08001468   0x08001468   0x000000dc   Code   RO         3204    CL$$btod_e2e        c_w.l(btod.o)
    0x08001544   0x08001544   0x0000002a   Code   RO         3201    CL$$btod_ediv       c_w.l(btod.o)
    0x0800156e   0x0800156e   0x0000002a   Code   RO         3200    CL$$btod_emul       c_w.l(btod.o)
    0x08001598   0x08001598   0x00000244   Code   RO         3206    CL$$btod_mult_common  c_w.l(btod.o)
    0x080017dc   0x080017dc   0x00000016   Code   RO         1454    i.ADC_Cmd           stm32f10x_adc.o
    0x080017f2   0x080017f2   0x00000002   PAD
    0x080017f4   0x080017f4   0x0000005c   Code   RO         1456    i.ADC_DeInit        stm32f10x_adc.o
    0x08001850   0x08001850   0x00000014   Code   RO         1462    i.ADC_GetCalibrationStatus  stm32f10x_adc.o
    0x08001864   0x08001864   0x00000008   Code   RO         1463    i.ADC_GetConversionValue  stm32f10x_adc.o
    0x0800186c   0x0800186c   0x00000012   Code   RO         1465    i.ADC_GetFlagStatus  stm32f10x_adc.o
    0x0800187e   0x0800187e   0x00000014   Code   RO         1468    i.ADC_GetResetCalibrationStatus  stm32f10x_adc.o
    0x08001892   0x08001892   0x00000002   PAD
    0x08001894   0x08001894   0x00000050   Code   RO         1472    i.ADC_Init          stm32f10x_adc.o
    0x080018e4   0x080018e4   0x000000b8   Code   RO         1476    i.ADC_RegularChannelConfig  stm32f10x_adc.o
    0x0800199c   0x0800199c   0x0000000a   Code   RO         1477    i.ADC_ResetCalibration  stm32f10x_adc.o
    0x080019a6   0x080019a6   0x00000016   Code   RO         1479    i.ADC_SoftwareStartConvCmd  stm32f10x_adc.o
    0x080019bc   0x080019bc   0x0000000a   Code   RO         1481    i.ADC_StartCalibration  stm32f10x_adc.o
    0x080019c6   0x080019c6   0x00000002   PAD
    0x080019c8   0x080019c8   0x00000024   Code   RO         1483    i.ADC_TempSensorVrefintCmd  stm32f10x_adc.o
    0x080019ec   0x080019ec   0x00000004   Code   RO         1849    i.BusFault_Handler  stm32f10x_it.o
    0x080019f0   0x080019f0   0x00000028   Code   RO         1670    i.DAC_Cmd           stm32f10x_dac.o
    0x08001a18   0x08001a18   0x00000034   Code   RO         1675    i.DAC_Init          stm32f10x_dac.o
    0x08001a4c   0x08001a4c   0x00000020   Code   RO         1676    i.DAC_SetChannel1Data  stm32f10x_dac.o
    0x08001a6c   0x08001a6c   0x0000001c   Code   RO         1322    i.DMA_ClearFlag     stm32f10x_dma.o
    0x08001a88   0x08001a88   0x00000018   Code   RO         1324    i.DMA_Cmd           stm32f10x_dma.o
    0x08001aa0   0x08001aa0   0x0000014c   Code   RO         1325    i.DMA_DeInit        stm32f10x_dma.o
    0x08001bec   0x08001bec   0x00000008   Code   RO         1326    i.DMA_GetCurrDataCounter  stm32f10x_dma.o
    0x08001bf4   0x08001bf4   0x0000002c   Code   RO         1327    i.DMA_GetFlagStatus  stm32f10x_dma.o
    0x08001c20   0x08001c20   0x0000003c   Code   RO         1330    i.DMA_Init          stm32f10x_dma.o
    0x08001c5c   0x08001c5c   0x00000004   Code   RO         1331    i.DMA_SetCurrDataCounter  stm32f10x_dma.o
    0x08001c60   0x08001c60   0x00000002   Code   RO         1850    i.DebugMon_Handler  stm32f10x_it.o
    0x08001c62   0x08001c62   0x00000002   PAD
    0x08001c64   0x08001c64   0x00000038   Code   RO         2408    i.EXTI0_IRQHandler  keys.o
    0x08001c9c   0x08001c9c   0x00000038   Code   RO         2409    i.EXTI1_IRQHandler  keys.o
    0x08001cd4   0x08001cd4   0x00000038   Code   RO         2410    i.EXTI2_IRQHandler  keys.o
    0x08001d0c   0x08001d0c   0x00000038   Code   RO         2411    i.EXTI3_IRQHandler  keys.o
    0x08001d44   0x08001d44   0x00000038   Code   RO         2412    i.EXTI4_IRQHandler  keys.o
    0x08001d7c   0x08001d7c   0x00000110   Code   RO         2413    i.EXTI9_5_IRQHandler  keys.o
    0x08001e8c   0x08001e8c   0x0000000c   Code   RO         1395    i.EXTI_ClearITPendingBit  stm32f10x_exti.o
    0x08001e98   0x08001e98   0x00000028   Code   RO         1399    i.EXTI_GetITStatus  stm32f10x_exti.o
    0x08001ec0   0x08001ec0   0x00000094   Code   RO         1400    i.EXTI_Init         stm32f10x_exti.o
    0x08001f54   0x08001f54   0x00000040   Code   RO          139    i.GPIO_EXTILineConfig  stm32f10x_gpio.o
    0x08001f94   0x08001f94   0x00000116   Code   RO          142    i.GPIO_Init         stm32f10x_gpio.o
    0x080020aa   0x080020aa   0x00000012   Code   RO          146    i.GPIO_ReadInputDataBit  stm32f10x_gpio.o
    0x080020bc   0x080020bc   0x00000004   Code   RO          149    i.GPIO_ResetBits    stm32f10x_gpio.o
    0x080020c0   0x080020c0   0x00000004   Code   RO          150    i.GPIO_SetBits      stm32f10x_gpio.o
    0x080020c4   0x080020c4   0x00000004   Code   RO         1851    i.HardFault_Handler  stm32f10x_it.o
    0x080020c8   0x080020c8   0x000000e8   Code   RO         2264    i.LCD_Address_Set   c_lcd.o
    0x080021b0   0x080021b0   0x0000001c   Code   RO         2266    i.LCD_DrawPoint     c_lcd.o
    0x080021cc   0x080021cc   0x000000f4   Code   RO         2268    i.LCD_Fill          c_lcd.o
    0x080022c0   0x080022c0   0x00000030   Code   RO         2269    i.LCD_GPIO_Init     c_lcd.o
    0x080022f0   0x080022f0   0x00000158   Code   RO         2270    i.LCD_ShowChar      c_lcd.o
    0x08002448   0x08002448   0x00000090   Code   RO         2273    i.LCD_ShowPicture   c_lcd.o
    0x080024d8   0x080024d8   0x00000042   Code   RO         2275    i.LCD_ShowString    c_lcd.o
    0x0800251a   0x0800251a   0x00000012   Code   RO         2276    i.LCD_WR_DATA       c_lcd.o
    0x0800252c   0x0800252c   0x0000000c   Code   RO         2277    i.LCD_WR_DATA8      c_lcd.o
    0x08002538   0x08002538   0x00000024   Code   RO         2278    i.LCD_WR_REG        c_lcd.o
    0x0800255c   0x0800255c   0x00000034   Code   RO         2279    i.LCD_Writ_Bus      c_lcd.o
    0x08002590   0x08002590   0x0000005c   Code   RO         2909    i.MYDMA_Config      dma.o
    0x080025ec   0x080025ec   0x00000060   Code   RO         2910    i.MYDMA_Config1     dma.o
    0x0800264c   0x0800264c   0x00000024   Code   RO         2911    i.MYDMA_Enable      dma.o
    0x08002670   0x08002670   0x00000004   Code   RO         1852    i.MemManage_Handler  stm32f10x_it.o
    0x08002674   0x08002674   0x00000002   Code   RO         1853    i.NMI_Handler       stm32f10x_it.o
    0x08002676   0x08002676   0x00000002   PAD
    0x08002678   0x08002678   0x00000070   Code   RO           17    i.NVIC_Init         misc.o
    0x080026e8   0x080026e8   0x00000014   Code   RO           18    i.NVIC_PriorityGroupConfig  misc.o
    0x080026fc   0x080026fc   0x00000030   Code   RO         2030    i.OLED_Clear        oled.o
    0x0800272c   0x0800272c   0x00000078   Code   RO         2031    i.OLED_ClearPoint   oled.o
    0x080027a4   0x080027a4   0x0000003c   Code   RO         2038    i.OLED_DrawPoint    oled.o
    0x080027e0   0x080027e0   0x0000004c   Code   RO         2040    i.OLED_Refresh      oled.o
    0x0800282c   0x0800282c   0x000000fc   Code   RO         2042    i.OLED_ShowChar     oled.o
    0x08002928   0x08002928   0x00000042   Code   RO         2046    i.OLED_ShowString   oled.o
    0x0800296a   0x0800296a   0x00000002   PAD
    0x0800296c   0x0800296c   0x00000064   Code   RO         2048    i.OLED_WR_Byte      oled.o
    0x080029d0   0x080029d0   0x00000002   Code   RO         1854    i.PendSV_Handler    stm32f10x_it.o
    0x080029d2   0x080029d2   0x00000002   PAD
    0x080029d4   0x080029d4   0x00000018   Code   RO          250    i.RCC_ADCCLKConfig  stm32f10x_rcc.o
    0x080029ec   0x080029ec   0x00000020   Code   RO          251    i.RCC_AHBPeriphClockCmd  stm32f10x_rcc.o
    0x08002a0c   0x08002a0c   0x00000020   Code   RO          252    i.RCC_APB1PeriphClockCmd  stm32f10x_rcc.o
    0x08002a2c   0x08002a2c   0x00000020   Code   RO          254    i.RCC_APB2PeriphClockCmd  stm32f10x_rcc.o
    0x08002a4c   0x08002a4c   0x00000020   Code   RO          255    i.RCC_APB2PeriphResetCmd  stm32f10x_rcc.o
    0x08002a6c   0x08002a6c   0x000000d4   Code   RO          262    i.RCC_GetClocksFreq  stm32f10x_rcc.o
    0x08002b40   0x08002b40   0x00000018   Code   RO          635    i.SPI_Cmd           stm32f10x_spi.o
    0x08002b58   0x08002b58   0x00000012   Code   RO          641    i.SPI_I2S_DMACmd    stm32f10x_spi.o
    0x08002b6a   0x08002b6a   0x00000012   Code   RO          643    i.SPI_I2S_GetFlagStatus  stm32f10x_spi.o
    0x08002b7c   0x08002b7c   0x00000004   Code   RO          647    i.SPI_I2S_SendData  stm32f10x_spi.o
    0x08002b80   0x08002b80   0x0000003c   Code   RO          648    i.SPI_Init          stm32f10x_spi.o
    0x08002bbc   0x08002bbc   0x00000002   Code   RO         1855    i.SVC_Handler       stm32f10x_it.o
    0x08002bbe   0x08002bbe   0x00000008   Code   RO         1912    i.SetSysClock       system_stm32f10x.o
    0x08002bc6   0x08002bc6   0x00000002   PAD
    0x08002bc8   0x08002bc8   0x000000e0   Code   RO         1913    i.SetSysClockTo72   system_stm32f10x.o
    0x08002ca8   0x08002ca8   0x00000028   Code   RO           21    i.SysTick_CLKSourceConfig  misc.o
    0x08002cd0   0x08002cd0   0x00000002   Code   RO         1856    i.SysTick_Handler   stm32f10x_it.o
    0x08002cd2   0x08002cd2   0x00000002   PAD
    0x08002cd4   0x08002cd4   0x00000060   Code   RO         1915    i.SystemInit        system_stm32f10x.o
    0x08002d34   0x08002d34   0x0000025c   Code   RO         2805    i.TIM3_IRQHandler   threads.o
    0x08002f90   0x08002f90   0x0000001c   Code   RO         2167    i.TIM4_IRQHandler   music.o
    0x08002fac   0x08002fac   0x00000006   Code   RO          784    i.TIM_ClearFlag     stm32f10x_tim.o
    0x08002fb2   0x08002fb2   0x00000006   Code   RO          785    i.TIM_ClearITPendingBit  stm32f10x_tim.o
    0x08002fb8   0x08002fb8   0x00000018   Code   RO          790    i.TIM_Cmd           stm32f10x_tim.o
    0x08002fd0   0x08002fd0   0x00000022   Code   RO          811    i.TIM_GetITStatus   stm32f10x_tim.o
    0x08002ff2   0x08002ff2   0x00000012   Code   RO          815    i.TIM_ITConfig      stm32f10x_tim.o
    0x08003004   0x08003004   0x000000a4   Code   RO          861    i.TIM_TimeBaseInit  stm32f10x_tim.o
    0x080030a8   0x080030a8   0x00000058   Code   RO         2620    i.USART1_IRQHandler  usart.o
    0x08003100   0x08003100   0x00000018   Code   RO          454    i.USART_Cmd         stm32f10x_usart.o
    0x08003118   0x08003118   0x00000054   Code   RO          458    i.USART_GetITStatus  stm32f10x_usart.o
    0x0800316c   0x0800316c   0x0000004a   Code   RO          460    i.USART_ITConfig    stm32f10x_usart.o
    0x080031b6   0x080031b6   0x00000002   PAD
    0x080031b8   0x080031b8   0x000000d8   Code   RO          461    i.USART_Init        stm32f10x_usart.o
    0x08003290   0x08003290   0x0000000a   Code   RO          468    i.USART_ReceiveData  stm32f10x_usart.o
    0x0800329a   0x0800329a   0x00000004   Code   RO         1857    i.UsageFault_Handler  stm32f10x_it.o
    0x0800329e   0x0800329e   0x00000028   Code   RO         3232    i.__ARM_fpclassify  m_ws.l(fpclassify.o)
    0x080032c6   0x080032c6   0x0000000e   Code   RO         2995    i._is_digit         c_w.l(__printf_wp.o)
    0x080032d4   0x080032d4   0x00000004   Code   RO         2621    i._sys_exit         usart.o
    0x080032d8   0x080032d8   0x00000084   Code   RO         2462    i.add_buf_color     c_lcd_draw.o
    0x0800335c   0x0800335c   0x000000d0   Code   RO         2463    i.add_stone         c_lcd_draw.o
    0x0800342c   0x0800342c   0x00000108   Code   RO         2806    i.add_thread        threads.o
    0x08003534   0x08003534   0x000000a2   Code   RO         2464    i.alpha_mix         c_lcd_draw.o
    0x080035d6   0x080035d6   0x00000002   PAD
    0x080035d8   0x080035d8   0x00000208   Code   RO         2280    i.c_lcd_init        c_lcd.o
    0x080037e0   0x080037e0   0x00000740   Code   RO         2465    i.c_lcd_refresher   c_lcd_draw.o
    0x08003f20   0x08003f20   0x000000cc   Code   RO         2807    i.caller            threads.o
    0x08003fec   0x08003fec   0x000000a8   Code   RO         2808    i.clr_it_type       threads.o
    0x08004094   0x08004094   0x00000048   Code   RO         2169    i.dac1_init         music.o
    0x080040dc   0x080040dc   0x000000d8   Code   RO         2809    i.delay_ms          threads.o
    0x080041b4   0x080041b4   0x000000d0   Code   RO         2810    i.delay_us          threads.o
    0x08004284   0x08004284   0x00000036   Code   RO         1946    i.display_list_char  lcd1602.o
    0x080042ba   0x080042ba   0x00000002   PAD
    0x080042bc   0x080042bc   0x00000044   Code   RO         1947    i.display_one_char  lcd1602.o
    0x08004300   0x08004300   0x00000008   Code   RO         2811    i.four_bytes_align  threads.o
    0x08004308   0x08004308   0x00000010   Code   RO         2623    i.fputc             usart.o
    0x08004318   0x08004318   0x00000020   Code   RO         2812    i.frozen_thread     threads.o
    0x08004338   0x08004338   0x00000050   Code   RO         2170    i.get_avg           music.o
    0x08004388   0x08004388   0x0000005c   Code   RO         2171    i.get_volt          music.o
    0x080043e4   0x080043e4   0x00000068   Code   RO         2414    i.init_keys         keys.o
    0x0800444c   0x0800444c   0x00000012   Code   RO         2467    i.init_led          c_lcd_draw.o
    0x0800445e   0x0800445e   0x00000002   PAD
    0x08004460   0x08004460   0x00000084   Code   RO         2468    i.init_play         c_lcd_draw.o
    0x080044e4   0x080044e4   0x00000124   Code   RO         2813    i.init_threads_manager  threads.o
    0x08004608   0x08004608   0x00000074   Code   RO         2173    i.key_check         music.o
    0x0800467c   0x0800467c   0x00000228   Code   RO         2174    i.key_loop          music.o
    0x080048a4   0x080048a4   0x000000f4   Code   RO         1948    i.lcd_init          lcd1602.o
    0x08004998   0x08004998   0x000000f4   Code   RO         1750    i.lcd_show          main.o
    0x08004a8c   0x08004a8c   0x00000034   Code   RO         1751    i.led               main.o
    0x08004ac0   0x08004ac0   0x000001d4   Code   RO         1752    i.main              main.o
    0x08004c94   0x08004c94   0x00000144   Code   RO         2049    i.oled_init         oled.o
    0x08004dd8   0x08004dd8   0x00000138   Code   RO         1753    i.oled_show         main.o
    0x08004f10   0x08004f10   0x000000b8   Code   RO         2470    i.paint_bg_to_buffer_  c_lcd_draw.o
    0x08004fc8   0x08004fc8   0x000002a0   Code   RO         2471    i.paint_char_to_buffer  c_lcd_draw.o
    0x08005268   0x08005268   0x00000120   Code   RO         2472    i.paint_pic_to_buffer  c_lcd_draw.o
    0x08005388   0x08005388   0x0000004c   Code   RO         2473    i.paint_str_to_buffer  c_lcd_draw.o
    0x080053d4   0x080053d4   0x0000003c   Code   RO         2175    i.play_loop         music.o
    0x08005410   0x08005410   0x00000060   Code   RO         2682    i.port_enable       gpio.o
    0x08005470   0x08005470   0x000000bc   Code   RO         2474    i.rand_init         c_lcd_draw.o
    0x0800552c   0x0800552c   0x00000038   Code   RO         2683    i.read_bit          gpio.o
    0x08005564   0x08005564   0x00000074   Code   RO         1949    i.read_data         lcd1602.o
    0x080055d8   0x080055d8   0x00000060   Code   RO         1951    i.read_status_LCD   lcd1602.o
    0x08005638   0x08005638   0x00000024   Code   RO         2815    i.resume_thread     threads.o
    0x0800565c   0x0800565c   0x0000001c   Code   RO         2625    i.send_char         usart.o
    0x08005678   0x08005678   0x0000000e   Code   RO         2685    i.set_ain           gpio.o
    0x08005686   0x08005686   0x0000001e   Code   RO         2686    i.set_anti_bit      gpio.o
    0x080056a4   0x080056a4   0x00000068   Code   RO         2687    i.set_bit           gpio.o
    0x0800570c   0x0800570c   0x00000088   Code   RO         1952    i.set_data          lcd1602.o
    0x08005794   0x08005794   0x00000024   Code   RO         1953    i.set_data_in       lcd1602.o
    0x080057b8   0x080057b8   0x00000024   Code   RO         1954    i.set_data_out      lcd1602.o
    0x080057dc   0x080057dc   0x0000000e   Code   RO         2688    i.set_din           gpio.o
    0x080057ea   0x080057ea   0x00000002   PAD
    0x080057ec   0x080057ec   0x00000098   Code   RO         2689    i.set_exti_line     gpio.o
    0x08005884   0x08005884   0x0000000c   Code   RO         2476    i.set_fps           c_lcd_draw.o
    0x08005890   0x08005890   0x00000024   Code   RO         1955    i.set_high          lcd1602.o
    0x080058b4   0x080058b4   0x0000000e   Code   RO         2691    i.set_ppout         gpio.o
    0x080058c2   0x080058c2   0x0000000e   Code   RO         2692    i.set_puin          gpio.o
    0x080058d0   0x080058d0   0x0000006c   Code   RO         2758    i.spi1_init         spi.o
    0x0800593c   0x0800593c   0x0000006c   Code   RO         2759    i.spi2_init         spi.o
    0x080059a8   0x080059a8   0x00000012   Code   RO         2817    i.start_thread      threads.o
    0x080059ba   0x080059ba   0x00000002   PAD
    0x080059bc   0x080059bc   0x0000008c   Code   RO         2477    i.stone_check       c_lcd_draw.o
    0x08005a48   0x08005a48   0x00000144   Code   RO         2478    i.stone_move        c_lcd_draw.o
    0x08005b8c   0x08005b8c   0x0000000c   Code   RO         2818    i.time              threads.o
    0x08005b98   0x08005b98   0x00000084   Code   RO         2627    i.usart1_init       usart.o
    0x08005c1c   0x08005c1c   0x0000001e   Code   RO         2283    i.wait_dma          c_lcd.o
    0x08005c3a   0x08005c3a   0x00000002   PAD
    0x08005c3c   0x08005c3c   0x00000038   Code   RO         1956    i.write_command_LCD  lcd1602.o
    0x08005c74   0x08005c74   0x00000034   Code   RO         1957    i.write_data_LCD    lcd1602.o
    0x08005ca8   0x08005ca8   0x0000002c   Code   RO         3224    locale$$code        c_w.l(lc_numeric_c.o)
    0x08005cd4   0x08005cd4   0x00000062   Code   RO         3020    x$fpl$d2f           fz_ws.l(d2f.o)
    0x08005d36   0x08005d36   0x00000002   PAD
    0x08005d38   0x08005d38   0x00000150   Code   RO         3022    x$fpl$dadd          fz_ws.l(daddsub_clz.o)
    0x08005e88   0x08005e88   0x00000018   Code   RO         3153    x$fpl$dcmpinf       fz_ws.l(dcmpi.o)
    0x08005ea0   0x08005ea0   0x00000078   Code   RO         3042    x$fpl$dleqf         fz_ws.l(dleqf.o)
    0x08005f18   0x08005f18   0x0000009c   Code   RO         3155    x$fpl$dnaninf       fz_ws.l(dnaninf.o)
    0x08005fb4   0x08005fb4   0x0000000c   Code   RO         3157    x$fpl$dretinf       fz_ws.l(dretinf.o)
    0x08005fc0   0x08005fc0   0x0000006c   Code   RO         3046    x$fpl$drleqf        fz_ws.l(drleqf.o)
    0x0800602c   0x0800602c   0x000001d4   Code   RO         3024    x$fpl$dsub          fz_ws.l(daddsub_clz.o)
    0x08006200   0x08006200   0x00000056   Code   RO         3048    x$fpl$f2d           fz_ws.l(f2d.o)
    0x08006256   0x08006256   0x00000002   PAD
    0x08006258   0x08006258   0x000000c4   Code   RO         3050    x$fpl$fadd          fz_ws.l(faddsub_clz.o)
    0x0800631c   0x0800631c   0x00000018   Code   RO         3159    x$fpl$fcmpinf       fz_ws.l(fcmpi.o)
    0x08006334   0x08006334   0x00000184   Code   RO         3057    x$fpl$fdiv          fz_ws.l(fdiv.o)
    0x080064b8   0x080064b8   0x00000036   Code   RO         3060    x$fpl$ffix          fz_ws.l(ffix.o)
    0x080064ee   0x080064ee   0x00000002   PAD
    0x080064f0   0x080064f0   0x0000003e   Code   RO         3064    x$fpl$ffixu         fz_ws.l(ffixu.o)
    0x0800652e   0x0800652e   0x00000002   PAD
    0x08006530   0x08006530   0x00000030   Code   RO         3073    x$fpl$fflt          fz_ws.l(fflt_clz.o)
    0x08006560   0x08006560   0x00000060   Code   RO         3078    x$fpl$ffltll        fz_ws.l(ffltll_clz.o)
    0x080065c0   0x080065c0   0x00000026   Code   RO         3072    x$fpl$ffltu         fz_ws.l(fflt_clz.o)
    0x080065e6   0x080065e6   0x00000002   PAD
    0x080065e8   0x080065e8   0x00000068   Code   RO         3080    x$fpl$fleqf         fz_ws.l(fleqf.o)
    0x08006650   0x08006650   0x00000102   Code   RO         3082    x$fpl$fmul          fz_ws.l(fmul.o)
    0x08006752   0x08006752   0x0000008c   Code   RO         3161    x$fpl$fnaninf       fz_ws.l(fnaninf.o)
    0x080067de   0x080067de   0x0000000a   Code   RO         3163    x$fpl$fretinf       fz_ws.l(fretinf.o)
    0x080067e8   0x080067e8   0x00000062   Code   RO         3084    x$fpl$frleqf        fz_ws.l(frleqf.o)
    0x0800684a   0x0800684a   0x00000002   PAD
    0x0800684c   0x0800684c   0x000000ea   Code   RO         3052    x$fpl$fsub          fz_ws.l(faddsub_clz.o)
    0x08006936   0x08006936   0x00000004   Code   RO         3086    x$fpl$printf1       fz_ws.l(printf1.o)
    0x0800693a   0x0800693a   0x00000000   Code   RO         3165    x$fpl$usenofp       fz_ws.l(usenofp.o)
    0x0800693a   0x0800693a   0x000017c0   Data   RO         2051    .constdata          oled.o
    0x080080fa   0x080080fa   0x0001ce8c   Data   RO         2480    .constdata          c_lcd_draw.o
    0x08024f86   0x08024f86   0x000033f4   Data   RO         2596    .constdata          c_lcdfont.o
    0x0802837a   0x0802837a   0x0000f463   Data   RO         2608    .constdata          pics.o
    0x080377dd   0x080377dd   0x00000003   PAD
    0x080377e0   0x080377e0   0x000000a3   Data   RO         2693    .constdata          gpio.o
    0x08037883   0x08037883   0x00000028   Data   RO         2968    .constdata          c_w.l(_printf_hex_int.o)
    0x080378ab   0x080378ab   0x00000011   Data   RO         3003    .constdata          c_w.l(__printf_flags_ss_wp.o)
    0x080378bc   0x080378bc   0x00000094   Data   RO         3195    .constdata          c_w.l(bigflt0.o)
    0x08037950   0x08037950   0x00000020   Data   RO         3326    Region$$Table       anon$$obj.o
    0x08037970   0x08037970   0x0000001c   Data   RO         3223    locale$$data        c_w.l(lc_numeric_c.o)


    Execution Region RW_IRAM1 (Exec base: 0x20000000, Load base: 0x0803798c, Size: 0x0000c428, Max: 0x00010000, ABSOLUTE, COMPRESSED[0x000002a8])

    Exec Addr    Load Addr    Size         Type   Attr      Idx    E Section Name        Object

    0x20000000   COMPRESSED   0x00000014   Data   RW          282    .data               stm32f10x_rcc.o
    0x20000014   COMPRESSED   0x00000004   Data   RW         1756    .data               main.o
    0x20000018   COMPRESSED   0x00000014   Data   RW         1916    .data               system_stm32f10x.o
    0x2000002c   COMPRESSED   0x00000025   Data   RW         1958    .data               lcd1602.o
    0x20000051   COMPRESSED   0x00000003   PAD
    0x20000054   COMPRESSED   0x0000143c   Data   RW         2052    .data               oled.o
    0x20001490   COMPRESSED   0x000000c1   Data   RW         2181    .data               music.o
    0x20001551   COMPRESSED   0x00000003   PAD
    0x20001554   COMPRESSED   0x00000008   Data   RW         2284    .data               c_lcd.o
    0x2000155c   COMPRESSED   0x00000004   Data   RW         2415    .data               keys.o
    0x20001560   COMPRESSED   0x00000049   Data   RW         2481    .data               c_lcd_draw.o
    0x200015a9   COMPRESSED   0x00000003   PAD
    0x200015ac   COMPRESSED   0x00000011   Data   RW         2629    .data               usart.o
    0x200015bd   COMPRESSED   0x00000003   PAD
    0x200015c0   COMPRESSED   0x0000002c   Data   RW         2694    .data               gpio.o
    0x200015ec   COMPRESSED   0x00000004   PAD
    0x200015f0   COMPRESSED   0x00000015   Data   RW         2820    .data               threads.o
    0x20001605   COMPRESSED   0x00000001   PAD
    0x20001606   COMPRESSED   0x00000002   Data   RW         2913    .data               dma.o
    0x20001608        -       0x00000480   Zero   RW         2050    .bss                oled.o
    0x20001a88        -       0x00007b70   Zero   RW         2479    .bss                c_lcd_draw.o
    0x200095f8        -       0x00000400   Zero   RW         2628    .bss                usart.o
    0x200099f8        -       0x000022c0   Zero   RW         2819    .bss                threads.o
    0x2000bcb8        -       0x0000002c   Zero   RW         2912    .bss                dma.o
    0x2000bce4        -       0x000000e4   Zero   RW         3011    .bss                c_w.l(rand.o)
    0x2000bdc8        -       0x00000060   Zero   RW         3235    .bss                c_w.l(libspace.o)
    0x2000be28        -       0x00000200   Zero   RW         2938    HEAP                startup_stm32f10x_hd.o
    0x2000c028        -       0x00000400   Zero   RW         2937    STACK               startup_stm32f10x_hd.o


==============================================================================

Image component sizes


      Code (inc. data)   RO Data    RW Data    ZI Data      Debug   Object Name

      1774         94          0          8          0       9317   c_lcd.o
      4392        428     118412         73      31600      16341   c_lcd_draw.o
         0          0      13300          0          0        814   c_lcdfont.o
         0          0          0          0          0       4604   core_cm3.o
       224         24          0          2         44       2523   dma.o
       494         60        163         44          0       5936   gpio.o
       656         36          0          4          0       3495   keys.o
       930         94          0         37          0       7222   lcd1602.o
      1076        128          0          4          0       5820   main.o
       172         22          0          0          0     282765   misc.o
      1000         94          0        193          0       5384   music.o
      1046         68       6080       5180       1152       6402   oled.o
         0          0      62563          0          0       1041   pics.o
       216          8          0          0          0       1080   spi.o
        64         26        304          0       1536        820   startup_stm32f10x_hd.o
       522         30          0          0          0       8857   stm32f10x_adc.o
       124         18          0          0          0       2403   stm32f10x_dac.o
       500         26          0          0          0       5540   stm32f10x_dma.o
       200         18          0          0          0       2100   stm32f10x_exti.o
       368          4          0          0          0       4206   stm32f10x_gpio.o
        26          0          0          0          0       3626   stm32f10x_it.o
       364         50          0         20          0       6010   stm32f10x_rcc.o
       124          0          0          0          0       3813   stm32f10x_spi.o
       252         42          0          0          0       3998   stm32f10x_tim.o
       408          6          0          0          0       4930   stm32f10x_usart.o
         6          0          0          0          0        336   sys.o
       328         28          0         20          0       2169   system_stm32f10x.o
      2186        138          0         21       8896      26099   threads.o
       268         28          0         17       1024       4932   usart.o

    ----------------------------------------------------------------------
     17754       1470     200857       5640      44252     432583   Object Totals
         0          0         32          0          0          0   (incl. Generated)
        34          0          3         17          0          0   (incl. Padding)

    ----------------------------------------------------------------------

      Code (inc. data)   RO Data    RW Data    ZI Data      Debug   Library Member Name

        90          0          0          0          0          0   __dczerorl2.o
         8          0          0          0          0         68   __main.o
       392          4         17          0          0         92   __printf_flags_ss_wp.o
        14          0          0          0          0         68   __printf_wp.o
         0          0          0          0          0          0   __rtentry.o
        12          0          0          0          0          0   __rtentry2.o
         6          0          0          0          0          0   __rtentry4.o
        52          8          0          0          0          0   __scatter.o
        28          0          0          0          0          0   __scatter_zi.o
        48          6          0          0          0         96   _printf_char_common.o
        36          4          0          0          0         80   _printf_char_file.o
         6          0          0          0          0          0   _printf_d.o
       120         16          0          0          0         92   _printf_dec.o
         6          0          0          0          0          0   _printf_f.o
      1054          0          0          0          0        216   _printf_fp_dec.o
       128         16          0          0          0         84   _printf_fp_infnan.o
        88          4         40          0          0         88   _printf_hex_int.o
       178          0          0          0          0         88   _printf_intcommon.o
        78          0          0          0          0        108   _printf_pad.o
         0          0          0          0          0          0   _printf_percent.o
         4          0          0          0          0          0   _printf_percent_end.o
         6          0          0          0          0          0   _printf_x.o
        10          0          0          0          0         68   _sputc.o
       228          4        148          0          0         96   bigflt0.o
      1936        128          0          0          0        672   btod.o
        18          0          0          0          0         80   exit.o
         8          0          0          0          0         68   ferror.o
         6          0          0          0          0        152   heapauxi.o
        44         10         28          0          0         76   lc_numeric_c.o
         2          0          0          0          0          0   libinit.o
        22          0          0          0          0          0   libinit2.o
         2          0          0          0          0          0   libshutdown.o
         2          0          0          0          0          0   libshutdown2.o
         8          4          0          0         96         68   libspace.o
       138          0          0          0          0         80   lludiv10.o
       238          0          0          0          0        100   lludivv7m.o
        24          4          0          0          0         84   noretval__2printf.o
        40          6          0          0          0         84   noretval__2sprintf.o
       112         18          0          0        228        160   rand.o
         8          4          0          0          0         68   rt_locale_intlibspace.o
       138          0          0          0          0         68   rt_memcpy_v6.o
       100          0          0          0          0         80   rt_memcpy_w.o
         2          0          0          0          0          0   rtexit.o
        10          0          0          0          0          0   rtexit2.o
       128          0          0          0          0         68   strcmpv7m.o
        74          0          0          0          0         80   sys_stackheap_outer.o
         2          0          0          0          0         68   use_no_semi.o
         2          0          0          0          0         68   use_no_semi_2.o
        98          4          0          0          0         92   d2f.o
       804         16          0          0          0        272   daddsub_clz.o
        24          0          0          0          0         68   dcmpi.o
       120          4          0          0          0         92   dleqf.o
       156          4          0          0          0         92   dnaninf.o
        12          0          0          0          0         68   dretinf.o
       108          0          0          0          0         80   drleqf.o
        86          4          0          0          0         84   f2d.o
       430          8          0          0          0        168   faddsub_clz.o
        24          0          0          0          0         68   fcmpi.o
       388         76          0          0          0         96   fdiv.o
        54          4          0          0          0         84   ffix.o
        62          4          0          0          0         84   ffixu.o
        86          0          0          0          0        136   fflt_clz.o
        96          0          0          0          0         84   ffltll_clz.o
       104          4          0          0          0         84   fleqf.o
       258          4          0          0          0         84   fmul.o
       140          4          0          0          0         84   fnaninf.o
        10          0          0          0          0         68   fretinf.o
        98          0          0          0          0         68   frleqf.o
         4          0          0          0          0         68   printf1.o
         0          0          0          0          0          0   usenofp.o
        40          0          0          0          0         68   fpclassify.o

    ----------------------------------------------------------------------
      8880        372        233          0        324       5460   Library Totals
        22          0          0          0          0          0   (incl. Padding)

    ----------------------------------------------------------------------

      Code (inc. data)   RO Data    RW Data    ZI Data      Debug   Library Name

      5656        236        233          0        324       3368   c_w.l
      3162        136          0          0          0       2024   fz_ws.l
        40          0          0          0          0         68   m_ws.l

    ----------------------------------------------------------------------
      8880        372        233          0        324       5460   Library Totals

    ----------------------------------------------------------------------

==============================================================================


      Code (inc. data)   RO Data    RW Data    ZI Data      Debug   

     26634       1842     201090       5640      44576     426599   Grand Totals
     26634       1842     201090        680      44576     426599   ELF Image Totals (compressed)
     26634       1842     201090        680          0          0   ROM Totals

==============================================================================

    Total RO  Size (Code + RO Data)               227724 ( 222.39kB)
    Total RW  Size (RW Data + ZI Data)             50216 (  49.04kB)
    Total ROM Size (Code + RO Data + RW Data)     228404 ( 223.05kB)

==============================================================================

